<html>
<body>
<pre>
<h1>µVision Build Log</h1>
<h2>Tool Versions:</h2>
IDE-Version: ÂµVision V5.36.0.0
Copyright (C) 2021 ARM Ltd and ARM Germany GmbH. All rights reserved.
License Information: Turtle Little, 1, LIC=D0D7S-LD1TL-FW82N-YIXZ8-HSE46-CWYQ9
 
Tool Versions:
Toolchain:       MDK-ARM Plus  Version: 5.36.0.0
Toolchain Path:  C:\Keil_v5\ARM\ARMCLANG\Bin
C Compiler:      ArmClang.exe V6.16
Assembler:       Armasm.exe V6.16
Linker/Locator:  ArmLink.exe V6.16
Library Manager: ArmAr.exe V6.16
Hex Converter:   FromElf.exe V6.16
CPU DLL:         
Dialog DLL:      
Target DLL:      STLink\ST-LINKIII-KEIL_SWO.dll V3.0.9.0
Dialog DLL:      TCM.DLL V1.53.0.0
 
<h2>Project:</h2>
D:\LIHY\motorControlStudy\FOC\Turtle_Projects\FOC_SENSORLESS\Turtle_Project.uvprojx
Project File Date:  05/26/2025

<h2>Output:</h2>
*** Using Compiler 'V6.16', folder: 'C:\Keil_v5\ARM\ARMCLANG\Bin'
Rebuild target 'Target 1'
Before Build - User command #1: cmd /c "start "Renesas" /w cmd /c ""D:\LIHY\motorControlStudy\FOC\Turtle_Projects\FOC_SENSORLESS\rasc_launcher.bat" "D:\LIHY\motorControlStudy\FOC\Turtle_Projects\FOC_SENSORLESS\rasc_version.txt" -nosplash --launcher.suppressErrors --generate --compiler ARMv6 --devicefamily ra "D:\LIHY\motorControlStudy\FOC\Turtle_Projects\FOC_SENSORLESS\configuration.xml" 2> "%TEMP%\rasc_stderr.out"""
compiling drv_led.c...
compiling drv_io.c...
compiling drv_uart_cb.c...
compiling drv_systick.c...
compiling drv_key.c...
compiling drv_uart.c...
compiling hal_entry.c...
compiling drv_dac.c...
compiling drv_cmp_cb.c...
compiling drv_cmp.c...
compiling drv_pwm.c...
compiling drv_adc.c...
compiling drv_pwm_cb.c...
compiling drv_adc_cb.c...
compiling drv_hall.c...
compiling drv_hall_cb.c...
compiling math_trigonometric.c...
compiling m_ctrl.c...
compiling m_tick.c...
compiling m_foc.c...
src/motor/m_rotor_angle.c(280): warning: unused variable 'erps_temp' [-Wunused-variable]
        int16_t erps_temp = 0;
                ^
1 warning generated.
compiling m_rotor_angle.c...
compiling m_svpwm.c...
compiling BasicMathFunctionsF16.c...
compiling m_observer.c...
compiling math_utils.c...
compiling m_pid.c...
compiling BayesFunctions.c...
compiling m_current_cal.c...
compiling BayesFunctionsF16.c...
compiling BasicMathFunctions.c...
compiling CommonTablesF16.c...
compiling ComplexMathFunctionsF16.c...
compiling ControllerFunctions.c...
compiling DistanceFunctionsF16.c...
compiling ComplexMathFunctions.c...
compiling FastMathFunctionsF16.c...
compiling FilteringFunctionsF16.c...
compiling DistanceFunctions.c...
compiling InterpolationFunctionsF16.c...
compiling FastMathFunctions.c...
compiling InterpolationFunctions.c...
compiling MatrixFunctionsF16.c...
compiling SVMFunctionsF16.c...
compiling SVMFunctions.c...
compiling QuaternionMathFunctions.c...
compiling StatisticsFunctionsF16.c...
compiling SupportFunctionsF16.c...
compiling TransformFunctionsF16.c...
compiling SupportFunctions.c...
compiling CommonTables.c...
compiling StatisticsFunctions.c...
compiling startup.c...
compiling system.c...
compiling WindowFunctions.c...
compiling bsp_clocks.c...
compiling MatrixFunctions.c...
compiling bsp_common.c...
compiling bsp_delay.c...
compiling bsp_group_irq.c...
compiling bsp_guard.c...
compiling bsp_io.c...
compiling bsp_irq.c...
compiling bsp_macl.c...
compiling bsp_sbrk.c...
compiling bsp_register_protection.c...
compiling bsp_rom_registers.c...
compiling bsp_sdram.c...
compiling bsp_security.c...
compiling r_acmphs.c...
compiling r_dac.c...
compiling r_adc_b.c...
compiling TransformFunctions.c...
compiling r_gpt_three_phase.c...
compiling FilteringFunctions.c...
compiling r_ioport.c...
compiling r_gpt.c...
compiling r_sci_b_uart.c...
compiling common_data.c...
compiling hal_data.c...
compiling main.c...
compiling pin_data.c...
compiling vector_data.c...
linking...
Program Size: Code=17658 RO-data=4078 RW-data=84 ZI-data=2812  
FromELF: creating hex file...
After Build - User command #1: cmd /c "start "Renesas" /w cmd /c ""D:\LIHY\motorControlStudy\FOC\Turtle_Projects\FOC_SENSORLESS\rasc_launcher.bat" "D:\LIHY\motorControlStudy\FOC\Turtle_Projects\FOC_SENSORLESS\rasc_version.txt" -nosplash --launcher.suppressErrors --gensmartbundle --compiler ARMv6 --devicefamily ra "D:\LIHY\motorControlStudy\FOC\Turtle_Projects\FOC_SENSORLESS\configuration.xml" "D:\LIHY\motorControlStudy\FOC\Turtle_Projects\FOC_SENSORLESS\Objects\Turtle_Project.axf" 2> "%TEMP%\rasc_stderr.out"""
".\Objects\Turtle_Project.axf" - 0 Error(s), 1 Warning(s).

<h2>Software Packages used:</h2>

Package Vendor: ARM
                http://www.keil.com/pack/ARM.CMSIS.5.8.0.pack
                ARM.CMSIS.5.8.0
                CMSIS (Common Microcontroller Software Interface Standard)
   * Component: CORE Version: 5.5.0

Package Vendor: ARM
                https://www.keil.com/pack/ARM.CMSIS-DSP.1.16.2.pack
                ARM.CMSIS-DSP.1.16.2
                CMSIS Embedded Compute Library
   * Component: DSP Variant: Source Version: 1.16.2

Package Vendor: Renesas
                
                Renesas.Project Content.1.0.0
                Project content managed by the Renesas Smart Configurator
   * Component: Build Configuration Version: 
   * Component: ra Version: 
   * Component: Generated Data Version: 
   * Component: Linker Script Version: 

Package Vendor: Renesas
                https://www2.renesas.eu/Keil_MDK_Packs/Renesas.RA_DFP.5.5.0.pack
                Renesas.RA_DFP.5.5.0
                Renesas RA series device family pack
   * Component: RA Configuration Version: 1.0.0

<h2>Collection of Component include folders:</h2>
  .\RTE\_Target_1
  .\ra\arm\CMSIS_6\CMSIS\Core\Include
  .\ra\fsp\inc
  .\ra\fsp\inc\api
  .\ra\fsp\inc\instances
  .\ra_cfg\fsp_cfg
  .\ra_cfg\fsp_cfg\bsp
  .\ra_gen
  C:\Users\Lenovo\AppData\Local\Arm\Packs\ARM\CMSIS-DSP\1.16.2\Include
  C:\Users\Lenovo\AppData\Local\Arm\Packs\ARM\CMSIS-DSP\1.16.2\PrivateInclude
  C:\Users\Lenovo\AppData\Local\Arm\Packs\ARM\CMSIS\5.8.0\CMSIS\Core\Include
  D:\LIHY\motorControlStudy\FOC\Turtle_Projects\FOC_SENSORLESS

<h2>Collection of Component Files used:</h2>

   * Component: ARM::CMSIS:CORE:5.5.0
      Include file:  CMSIS\Core\Include\tz_context.h

   * Component: ARM::CMSIS:DSP:Source:1.16.2
      Include file:  Include\arm_math.h
      Include file:  Include\arm_math_f16.h
      Include file:  Include\arm_common_tables.h
      Include file:  Include\arm_common_tables_f16.h
      Include file:  Include\arm_const_structs.h
      Include file:  Include\arm_const_structs_f16.h
      Source file:   Source\MatrixFunctions\MatrixFunctions.c
      Source file:   Source\SVMFunctions\SVMFunctions.c
      Source file:   Source\TransformFunctions\TransformFunctions.c
      Source file:   Source\CommonTables\CommonTables.c
      Source file:   Source\ControllerFunctions\ControllerFunctions.c
      Source file:   Source\FastMathFunctions\FastMathFunctions.c
      Source file:   Source\StatisticsFunctions\StatisticsFunctions.c
      Source file:   Source\SupportFunctions\SupportFunctions.c
      Source file:   Source\ComplexMathFunctions\ComplexMathFunctions.c
      Source file:   Source\FilteringFunctions\FilteringFunctions.c
      Source file:   Source\QuaternionMathFunctions\QuaternionMathFunctions.c
      Source file:   Source\BasicMathFunctions\BasicMathFunctions.c
      Source file:   Source\BayesFunctions\BayesFunctions.c
      Source file:   Source\DistanceFunctions\DistanceFunctions.c
      Source file:   Source\InterpolationFunctions\InterpolationFunctions.c
      Source file:   Source\CommonTables\CommonTablesF16.c
      Source file:   Source\StatisticsFunctions\StatisticsFunctionsF16.c
      Source file:   Source\TransformFunctions\TransformFunctionsF16.c
      Source file:   Source\WindowFunctions\WindowFunctions.c
      Source file:   Source\MatrixFunctions\MatrixFunctionsF16.c
      Source file:   Source\InterpolationFunctions\InterpolationFunctionsF16.c
      Source file:   Source\BayesFunctions\BayesFunctionsF16.c
      Source file:   Source\FilteringFunctions\FilteringFunctionsF16.c
      Source file:   Source\SVMFunctions\SVMFunctionsF16.c
      Source file:   Source\SupportFunctions\SupportFunctionsF16.c
      Source file:   Source\BasicMathFunctions\BasicMathFunctionsF16.c
      Source file:   Source\DistanceFunctions\DistanceFunctionsF16.c
      Source file:   Source\ComplexMathFunctions\ComplexMathFunctionsF16.c
      Source file:   Source\FastMathFunctions\FastMathFunctionsF16.c

   * Component: Renesas::Flex Software:Build Configuration
      Include file:  ra_cfg\fsp_cfg\bsp\board_cfg.h
      Include file:  ra_cfg\fsp_cfg\bsp\bsp_cfg.h
      Include file:  ra_cfg\fsp_cfg\r_sci_b_uart_cfg.h
      Include file:  ra_cfg\fsp_cfg\r_ioport_cfg.h
      Include file:  ra_cfg\fsp_cfg\r_gpt_three_phase_cfg.h
      Include file:  ra_cfg\fsp_cfg\bsp\bsp_mcu_device_cfg.h
      Include file:  ra_cfg\fsp_cfg\r_acmphs_cfg.h
      Include file:  ra_cfg\fsp_cfg\r_adc_b_cfg.h
      Include file:  ra_cfg\fsp_cfg\bsp\bsp_mcu_device_pn_cfg.h
      Include file:  ra_cfg\fsp_cfg\r_dac_cfg.h
      Include file:  ra_cfg\fsp_cfg\r_gpt_cfg.h
      Include file:  ra_cfg\fsp_cfg\bsp\bsp_mcu_family_cfg.h
      Include file:  ra_cfg\fsp_cfg\bsp\bsp_pin_cfg.h

   * Component: Renesas::Flex Software:Components:ra
      Include file:  ra\arm\CMSIS_6\CMSIS\Core\Include\core_cm3.h
      Include file:  ra\arm\CMSIS_6\CMSIS\Core\Include\core_cm33.h
      Include file:  ra\arm\CMSIS_6\CMSIS\Core\Include\a-profile\cmsis_clang_a.h
      Include file:  ra\arm\CMSIS_6\CMSIS\Core\Include\a-profile\cmsis_gcc_a.h
      Include file:  ra\arm\CMSIS_6\CMSIS\Core\Include\a-profile\cmsis_iccarm_a.h
      Include file:  ra\arm\CMSIS_6\CMSIS\Core\Include\cmsis_clang.h
      Include file:  ra\arm\CMSIS_6\CMSIS\Core\Include\cmsis_compiler.h
      Include file:  ra\arm\CMSIS_6\CMSIS\Core\Include\a-profile\cmsis_armclang_a.h
      Include file:  ra\arm\CMSIS_6\CMSIS\Core\Include\a-profile\irq_ctrl.h
      Include file:  ra\arm\CMSIS_6\CMSIS\Core\Include\core_ca.h
      Include file:  ra\arm\CMSIS_6\CMSIS\Core\Include\core_cm0.h
      Include file:  ra\arm\CMSIS_6\CMSIS\Core\Include\cmsis_gcc.h
      Include file:  ra\arm\CMSIS_6\CMSIS\Core\Include\core_cm0plus.h
      Include file:  ra\arm\CMSIS_6\CMSIS\Core\Include\core_cm1.h
      Include file:  ra\arm\CMSIS_6\CMSIS\Core\Include\core_cm23.h
      Include file:  ra\arm\CMSIS_6\CMSIS\Core\Include\cmsis_armclang.h
      Include file:  ra\arm\CMSIS_6\CMSIS\Core\Include\a-profile\cmsis_cp15.h
      Include file:  ra\arm\CMSIS_6\CMSIS\Core\Include\cmsis_version.h
      Include file:  ra\arm\CMSIS_6\CMSIS\Core\Include\core_cm55.h
      Include file:  ra\arm\CMSIS_6\CMSIS\Core\Include\m-profile\armv7m_cachel1.h
      Include file:  ra\arm\CMSIS_6\CMSIS\Core\Include\m-profile\cmsis_tiarmclang_m.h
      Include file:  ra\fsp\inc\api\bsp_api.h
      Include file:  ra\arm\CMSIS_6\CMSIS\Core\Include\m-profile\cmsis_gcc_m.h
      Include file:  ra\arm\CMSIS_6\CMSIS\Core\Include\core_cm4.h
      Include file:  ra\arm\CMSIS_6\CMSIS\Core\Include\r-profile\cmsis_armclang_r.h
      Include file:  ra\fsp\inc\api\fsp_common_api.h
      Include file:  ra\arm\CMSIS_6\CMSIS\Core\Include\m-profile\armv7m_mpu.h
      Include file:  ra\arm\CMSIS_6\CMSIS\Core\Include\core_cm7.h
      Include file:  ra\arm\CMSIS_6\CMSIS\Core\Include\core_cm85.h
      Include file:  ra\arm\CMSIS_6\CMSIS\Core\Include\m-profile\cmsis_clang_m.h
      Include file:  ra\arm\CMSIS_6\CMSIS\Core\Include\m-profile\armv81m_pac.h
      Include file:  ra\fsp\inc\api\r_ioport_api.h
      Include file:  ra\arm\CMSIS_6\CMSIS\Core\Include\core_sc300.h
      Include file:  ra\arm\CMSIS_6\CMSIS\Core\Include\m-profile\armv8m_mpu.h
      Include file:  ra\arm\CMSIS_6\CMSIS\Core\Include\core_sc000.h
      Include file:  ra\arm\CMSIS_6\CMSIS\Core\Include\r-profile\cmsis_clang_r.h
      Include file:  ra\fsp\inc\api\r_comparator_api.h
      Include file:  ra\arm\CMSIS_6\CMSIS\Core\Include\core_cm52.h
      Include file:  ra\arm\CMSIS_6\CMSIS\Core\Include\core_cm35p.h
      Include file:  ra\arm\CMSIS_6\CMSIS\Core\Include\m-profile\cmsis_iccarm_m.h
      Include file:  ra\fsp\inc\api\r_adc_api.h
      Include file:  ra\fsp\inc\api\r_elc_api.h
      Include file:  ra\fsp\inc\api\r_dac_api.h
      Include file:  ra\fsp\inc\api\r_three_phase_api.h
      Include file:  ra\arm\CMSIS_6\CMSIS\Core\Include\m-profile\armv8m_pmu.h
      Include file:  ra\arm\CMSIS_6\CMSIS\Core\Include\r-profile\cmsis_gcc_r.h
      Include file:  ra\arm\CMSIS_6\CMSIS\Core\Include\core_starmc1.h
      Include file:  ra\arm\CMSIS_6\CMSIS\Core\Include\m-profile\cmsis_armclang_m.h
      Include file:  ra\arm\CMSIS_6\CMSIS\Core\Include\tz_context.h
      Source file:   ra\fsp\src\bsp\mcu\all\bsp_common.c
      Source file:   ra\fsp\src\bsp\cmsis\Device\RENESAS\Source\system.c
      Include file:  ra\fsp\src\bsp\mcu\all\bsp_exceptions.h
      Include file:  ra\fsp\src\bsp\mcu\all\bsp_group_irq.h
      Include file:  ra\fsp\inc\api\r_transfer_api.h
      Include file:  ra\fsp\inc\instances\r_gpt.h
      Include file:  ra\fsp\inc\instances\r_sci_b_uart.h
      Source file:   ra\fsp\src\bsp\mcu\all\bsp_delay.c
      Source file:   ra\fsp\src\bsp\mcu\all\bsp_guard.c
      Include file:  ra\fsp\inc\api\r_timer_api.h
      Include file:  ra\fsp\inc\fsp_version.h
      Include file:  ra\fsp\inc\instances\r_ioport.h
      Include file:  ra\fsp\src\bsp\mcu\all\board_sdram.h
      Source file:   ra\fsp\src\bsp\mcu\all\bsp_group_irq.c
      Include file:  ra\fsp\inc\api\r_uart_api.h
      Include file:  ra\fsp\src\bsp\mcu\all\bsp_guard.h
      Include file:  ra\fsp\src\bsp\cmsis\Device\RENESAS\Include\renesas.h
      Source file:   ra\fsp\src\bsp\mcu\all\bsp_io.c
      Include file:  ra\fsp\src\bsp\mcu\all\bsp_io.h
      Include file:  ra\fsp\inc\instances\r_acmphs.h
      Include file:  ra\fsp\src\bsp\cmsis\Device\RENESAS\Include\R7FA6T2BD.h
      Source file:   ra\fsp\src\bsp\cmsis\Device\RENESAS\Source\startup.c
      Include file:  ra\fsp\inc\fsp_features.h
      Include file:  ra\fsp\inc\instances\r_gpt_three_phase.h
      Source file:   ra\fsp\src\bsp\mcu\all\bsp_clocks.c
      Include file:  ra\fsp\src\bsp\mcu\all\bsp_clocks.h
      Include file:  ra\fsp\inc\instances\r_adc_b.h
      Include file:  ra\fsp\src\bsp\cmsis\Device\RENESAS\Include\system.h
      Include file:  ra\fsp\inc\instances\r_dac.h
      Include file:  ra\fsp\src\bsp\mcu\all\bsp_common.h
      Include file:  ra\fsp\src\bsp\mcu\all\bsp_compiler_support.h
      Include file:  ra\fsp\src\bsp\mcu\all\bsp_delay.h
      Include file:  ra\fsp\src\bsp\mcu\all\bsp_sdram.h
      Source file:   ra\fsp\src\r_sci_b_uart\r_sci_b_uart.c
      Source file:   ra\fsp\src\bsp\mcu\all\bsp_rom_registers.c
      Source file:   ra\fsp\src\bsp\mcu\all\bsp_macl.c
      Include file:  ra\fsp\src\bsp\mcu\all\bsp_module_stop.h
      Include file:  ra\fsp\src\bsp\mcu\all\bsp_mcu_api.h
      Source file:   ra\fsp\src\bsp\mcu\all\bsp_register_protection.c
      Include file:  ra\fsp\src\bsp\mcu\all\bsp_register_protection.h
      Source file:   ra\fsp\src\bsp\mcu\all\bsp_sbrk.c
      Source file:   ra\fsp\src\bsp\mcu\all\bsp_security.c
      Source file:   ra\fsp\src\bsp\mcu\all\bsp_irq.c
      Include file:  ra\fsp\src\bsp\mcu\all\bsp_tfu.h
      Include file:  ra\fsp\src\bsp\mcu\ra6t2\bsp_elc.h
      Include file:  ra\fsp\src\bsp\mcu\ra6t2\bsp_mcu_info.h
      Include file:  ra\fsp\src\bsp\mcu\ra6t2\bsp_override.h
      Source file:   ra\fsp\src\r_acmphs\r_acmphs.c
      Include file:  ra\fsp\src\bsp\mcu\all\bsp_macl.h
      Source file:   ra\fsp\src\bsp\mcu\all\bsp_sdram.c
      Source file:   ra\fsp\src\r_adc_b\r_adc_b.c
      Source file:   ra\fsp\src\r_dac\r_dac.c
      Source file:   ra\fsp\src\r_ioport\r_ioport.c
      Source file:   ra\fsp\src\r_gpt\r_gpt.c
      Include file:  ra\fsp\src\bsp\mcu\all\bsp_irq.h
      Include file:  ra\fsp\src\bsp\mcu\all\bsp_security.h
      Include file:  ra\fsp\src\bsp\mcu\ra6t2\bsp_feature.h
      Include file:  ra\fsp\src\bsp\mcu\ra6t2\bsp_feature_gen.h
      Source file:   ra\fsp\src\r_gpt_three_phase\r_gpt_three_phase.c

   * Component: Renesas::Flex Software:Generated Data
      Source file:   ra_gen\vector_data.c
      Source file:   ra_gen\pin_data.c
      Include file:  ra_gen\common_data.h
      Include file:  ra_gen\vector_data.h
      Source file:   ra_gen\hal_data.c
      Source file:   ra_gen\main.c
      Include file:  ra_gen\bsp_clock_cfg.h
      Source file:   ra_gen\common_data.c
      Include file:  ra_gen\hal_data.h

   * Component: Renesas::Flex Software:Linker Script

   * Component: Renesas::Flex Software:RA Configuration:1.0.0
Build Time Elapsed:  00:00:29
</pre>
</body>
</html>
