Component: ARM Compiler 6.16 Tool: armlink [5dfeaa00]

==============================================================================

Section Cross References

    hal_entry.o(.text.vofa_plus_debug_func) refers to memseta.o(.text) for __aeabi_memclr4
    hal_entry.o(.text.vofa_plus_debug_func) refers to m_rotor_angle.o(.bss.m_obs_angle_unit) for m_obs_angle_unit
    hal_entry.o(.text.vofa_plus_debug_func) refers to printf1.o(i.__0sprintf$1) for __2sprintf
    hal_entry.o(.text.vofa_plus_debug_func) refers to strlen.o(.text) for strlen
    hal_entry.o(.text.vofa_plus_debug_func) refers to drv_uart.o(.text.drv_uart_send_data) for drv_uart_send_data
    hal_entry.o(.ARM.exidx.text.vofa_plus_debug_func) refers to hal_entry.o(.text.vofa_plus_debug_func) for [Anonymous Symbol]
    hal_entry.o(.text.hal_entry) refers to drv_io.o(.text.drv_io_init) for drv_io_init
    hal_entry.o(.text.hal_entry) refers to drv_led.o(.text.drv_led_init) for drv_led_init
    hal_entry.o(.text.hal_entry) refers to drv_systick.o(.text.drv_systick_init) for drv_systick_init
    hal_entry.o(.text.hal_entry) refers to drv_uart.o(.text.drv_uart_init) for drv_uart_init
    hal_entry.o(.text.hal_entry) refers to drv_dac.o(.text.drv_dac_init) for drv_dac_init
    hal_entry.o(.text.hal_entry) refers to drv_hall.o(.text.drv_hall_init) for drv_hall_init
    hal_entry.o(.text.hal_entry) refers to drv_adc.o(.text.drv_adc_init) for drv_adc_init
    hal_entry.o(.text.hal_entry) refers to drv_pwm.o(.text.drv_pwm_init) for drv_pwm_init
    hal_entry.o(.text.hal_entry) refers to drv_cmp.o(.text.drv_cmp_init) for drv_cmp_init
    hal_entry.o(.text.hal_entry) refers to drv_key.o(.text.drv_key_init) for drv_key_init
    hal_entry.o(.text.hal_entry) refers to m_ctrl.o(.bss.m_motor_ctrl) for m_motor_ctrl
    hal_entry.o(.text.hal_entry) refers to m_current_cal.o(.text.current_static_error_cal) for current_static_error_cal
    hal_entry.o(.text.hal_entry) refers to drv_adc_cb.o(.bss.adc_unit) for adc_unit
    hal_entry.o(.text.hal_entry) refers to printf1.o(i.__0printf$1) for __2printf
    hal_entry.o(.text.hal_entry) refers to m_observer.o(.text.m_obs_initial) for m_obs_initial
    hal_entry.o(.text.hal_entry) refers to m_rotor_angle.o(.text.m_sensorless_angle_calculate_init) for m_sensorless_angle_calculate_init
    hal_entry.o(.text.hal_entry) refers to m_foc.o(.text.m_calculate_Us) for m_calculate_Us
    hal_entry.o(.text.hal_entry) refers to m_ctrl.o(.text.motor_execute_ctrl) for motor_execute_ctrl
    hal_entry.o(.text.hal_entry) refers to hal_entry.o(.text.vofa_plus_debug_func) for vofa_plus_debug_func
    hal_entry.o(.ARM.exidx.text.hal_entry) refers to hal_entry.o(.text.hal_entry) for [Anonymous Symbol]
    hal_entry.o(.text.R_BSP_WarmStart) refers to common_data.o(.bss.g_ioport_ctrl) for g_ioport_ctrl
    hal_entry.o(.text.R_BSP_WarmStart) refers to pin_data.o(.rodata.g_bsp_pin_cfg) for g_bsp_pin_cfg
    hal_entry.o(.text.R_BSP_WarmStart) refers to r_ioport.o(.text.R_IOPORT_Open) for R_IOPORT_Open
    hal_entry.o(.ARM.exidx.text.R_BSP_WarmStart) refers to hal_entry.o(.text.R_BSP_WarmStart) for [Anonymous Symbol]
    drv_systick.o(.text.drv_systick_init) refers to system.o(.bss.SystemCoreClock) for SystemCoreClock
    drv_systick.o(.ARM.exidx.text.drv_systick_init) refers to drv_systick.o(.text.drv_systick_init) for [Anonymous Symbol]
    drv_systick.o(.text.drv_systick_time_get) refers to drv_systick.o(.bss.systick_count) for systick_count
    drv_systick.o(.ARM.exidx.text.drv_systick_time_get) refers to drv_systick.o(.text.drv_systick_time_get) for [Anonymous Symbol]
    drv_systick.o(.text.drv_delay_ms) refers to drv_systick.o(.bss.systick_count) for systick_count
    drv_systick.o(.ARM.exidx.text.drv_delay_ms) refers to drv_systick.o(.text.drv_delay_ms) for [Anonymous Symbol]
    drv_systick.o(.text.SysTick_Handler) refers to drv_systick.o(.bss.systick_count) for systick_count
    drv_systick.o(.ARM.exidx.text.SysTick_Handler) refers to drv_systick.o(.text.SysTick_Handler) for [Anonymous Symbol]
    drv_led.o(.text.drv_led_init) refers to common_data.o(.rodata.g_ioport) for g_ioport
    drv_led.o(.text.drv_led_init) refers to r_ioport.o(.text.R_IOPORT_PinWrite) for R_IOPORT_PinWrite
    drv_led.o(.ARM.exidx.text.drv_led_init) refers to drv_led.o(.text.drv_led_init) for [Anonymous Symbol]
    drv_led.o(.text.drv_led_ctrl) refers to common_data.o(.rodata.g_ioport) for g_ioport
    drv_led.o(.text.drv_led_ctrl) refers to r_ioport.o(.text.R_IOPORT_PinWrite) for R_IOPORT_PinWrite
    drv_led.o(.ARM.exidx.text.drv_led_ctrl) refers to drv_led.o(.text.drv_led_ctrl) for [Anonymous Symbol]
    drv_io.o(.text.drv_io_init) refers to common_data.o(.rodata.g_ioport) for g_ioport
    drv_io.o(.text.drv_io_init) refers to r_ioport.o(.text.R_IOPORT_Open) for R_IOPORT_Open
    drv_io.o(.ARM.exidx.text.drv_io_init) refers to drv_io.o(.text.drv_io_init) for [Anonymous Symbol]
[...]
    R_BSP_WarmStart                          0x00000c73   Thumb Code    26  hal_entry.o(.text.R_BSP_WarmStart)
    R_DAC_Close                              0x00000c8d   Thumb Code    58  r_dac.o(.text.R_DAC_Close)
    R_DAC_Open                               0x00000cc7   Thumb Code   146  r_dac.o(.text.R_DAC_Open)
    R_DAC_Start                              0x00000d59   Thumb Code   234  r_dac.o(.text.R_DAC_Start)
    R_DAC_Stop                               0x00000e43   Thumb Code    40  r_dac.o(.text.R_DAC_Stop)
    R_DAC_Write                              0x00000e6b   Thumb Code    12  r_dac.o(.text.R_DAC_Write)
    R_GPT_CallbackSet                        0x00000e77   Thumb Code    14  r_gpt.o(.text.R_GPT_CallbackSet)
    R_GPT_Close                              0x00000e85   Thumb Code   188  r_gpt.o(.text.R_GPT_Close)
    R_GPT_CompareMatchSet                    0x00000f41   Thumb Code    14  r_gpt.o(.text.R_GPT_CompareMatchSet)
    R_GPT_Disable                            0x00000f4f   Thumb Code    30  r_gpt.o(.text.R_GPT_Disable)
    R_GPT_DutyCycleSet                       0x00000f6d   Thumb Code   164  r_gpt.o(.text.R_GPT_DutyCycleSet)
    R_GPT_Enable                             0x00001011   Thumb Code    56  r_gpt.o(.text.R_GPT_Enable)
    R_GPT_InfoGet                            0x00001049   Thumb Code    68  r_gpt.o(.text.R_GPT_InfoGet)
    R_GPT_Open                               0x0000108d   Thumb Code   752  r_gpt.o(.text.R_GPT_Open)
    R_GPT_PeriodSet                          0x0000137d   Thumb Code    66  r_gpt.o(.text.R_GPT_PeriodSet)
    R_GPT_Reset                              0x000013bf   Thumb Code    10  r_gpt.o(.text.R_GPT_Reset)
    R_GPT_Start                              0x000013c9   Thumb Code    10  r_gpt.o(.text.R_GPT_Start)
    R_GPT_StatusGet                          0x000013d3   Thumb Code    18  r_gpt.o(.text.R_GPT_StatusGet)
    R_GPT_Stop                               0x000013e5   Thumb Code    10  r_gpt.o(.text.R_GPT_Stop)
    R_GPT_THREE_PHASE_CallbackSet            0x000013ef   Thumb Code    20  r_gpt_three_phase.o(.text.R_GPT_THREE_PHASE_CallbackSet)
    R_GPT_THREE_PHASE_Close                  0x00001405   Thumb Code    38  r_gpt_three_phase.o(.text.R_GPT_THREE_PHASE_Close)
    R_GPT_THREE_PHASE_DutyCycleSet           0x0000142d   Thumb Code    86  r_gpt_three_phase.o(.text.R_GPT_THREE_PHASE_DutyCycleSet)
    R_GPT_THREE_PHASE_Open                   0x00001485   Thumb Code    76  r_gpt_three_phase.o(.text.R_GPT_THREE_PHASE_Open)
    R_GPT_THREE_PHASE_Reset                  0x000014d1   Thumb Code    10  r_gpt_three_phase.o(.text.R_GPT_THREE_PHASE_Reset)
    R_GPT_THREE_PHASE_Start                  0x000014db   Thumb Code    10  r_gpt_three_phase.o(.text.R_GPT_THREE_PHASE_Start)
    R_GPT_THREE_PHASE_Stop                   0x000014e5   Thumb Code    10  r_gpt_three_phase.o(.text.R_GPT_THREE_PHASE_Stop)
    R_IOPORT_Close                           0x000014ef   Thumb Code    10  r_ioport.o(.text.R_IOPORT_Close)
    R_IOPORT_Open                            0x000014f9   Thumb Code    22  r_ioport.o(.text.R_IOPORT_Open)
    R_IOPORT_PinCfg                          0x0000150f   Thumb Code   154  r_ioport.o(.text.R_IOPORT_PinCfg)
    R_IOPORT_PinEventInputRead               0x000015a9   Thumb Code    36  r_ioport.o(.text.R_IOPORT_PinEventInputRead)
    R_IOPORT_PinEventOutputWrite             0x000015cd   Thumb Code    58  r_ioport.o(.text.R_IOPORT_PinEventOutputWrite)
    R_IOPORT_PinRead                         0x00001607   Thumb Code    34  r_ioport.o(.text.R_IOPORT_PinRead)
    R_IOPORT_PinWrite                        0x00001629   Thumb Code    38  r_ioport.o(.text.R_IOPORT_PinWrite)
    R_IOPORT_PinsCfg                         0x0000164f   Thumb Code    12  r_ioport.o(.text.R_IOPORT_PinsCfg)
    R_IOPORT_PortDirectionSet                0x0000165b   Thumb Code    44  r_ioport.o(.text.R_IOPORT_PortDirectionSet)
    R_IOPORT_PortEventInputRead              0x00001687   Thumb Code    26  r_ioport.o(.text.R_IOPORT_PortEventInputRead)
    R_IOPORT_PortEventOutputWrite            0x000016a1   Thumb Code    34  r_ioport.o(.text.R_IOPORT_PortEventOutputWrite)
    R_IOPORT_PortRead                        0x000016c3   Thumb Code    24  r_ioport.o(.text.R_IOPORT_PortRead)
    R_IOPORT_PortWrite                       0x000016db   Thumb Code    34  r_ioport.o(.text.R_IOPORT_PortWrite)
    R_SCI_B_UART_Abort                       0x000016fd   Thumb Code    58  r_sci_b_uart.o(.text.R_SCI_B_UART_Abort)
    R_SCI_B_UART_BaudSet                     0x00001737   Thumb Code    42  r_sci_b_uart.o(.text.R_SCI_B_UART_BaudSet)
    R_SCI_B_UART_CallbackSet                 0x00001761   Thumb Code    14  r_sci_b_uart.o(.text.R_SCI_B_UART_CallbackSet)
    R_SCI_B_UART_Close                       0x00001771   Thumb Code   222  r_sci_b_uart.o(.text.R_SCI_B_UART_Close)
    R_SCI_B_UART_InfoGet                     0x0000184f   Thumb Code    12  r_sci_b_uart.o(.text.R_SCI_B_UART_InfoGet)
    R_SCI_B_UART_Open                        0x0000185d   Thumb Code   782  r_sci_b_uart.o(.text.R_SCI_B_UART_Open)
    R_SCI_B_UART_Read                        0x00001b6b   Thumb Code    10  r_sci_b_uart.o(.text.R_SCI_B_UART_Read)
    R_SCI_B_UART_ReadStop                    0x00001b75   Thumb Code    14  r_sci_b_uart.o(.text.R_SCI_B_UART_ReadStop)
    R_SCI_B_UART_Write                       0x00001b85   Thumb Code    76  r_sci_b_uart.o(.text.R_SCI_B_UART_Write)
    Reset_Handler                            0x00001bd1   Thumb Code    10  startup.o(.text.Reset_Handler)
    SysTick_Handler                          0x00001bdb   Thumb Code    16  drv_systick.o(.text.SysTick_Handler)
    SystemCoreClockUpdate                    0x00001beb   Thumb Code    44  bsp_clocks.o(.text.SystemCoreClockUpdate)
    SystemInit                               0x00001c19   Thumb Code   272  system.o(.text.SystemInit)
    __aeabi_assert                           0x00001d29   Thumb Code     6  bsp_common.o(.text.__aeabi_assert)
    adc0_callback                            0x00001d31   Thumb Code   334  drv_adc_cb.o(.text.adc0_callback)
    adc_b_adi0_isr                           0x00001e7f   Thumb Code    60  r_adc_b.o(.text.adc_b_adi0_isr)
    adc_b_adi1_isr                           0x00001ebb   Thumb Code    60  r_adc_b.o(.text.adc_b_adi1_isr)
    adc_b_adi2_isr                           0x00001ef7   Thumb Code    60  r_adc_b.o(.text.adc_b_adi2_isr)
    adc_b_adi3_isr                           0x00001f33   Thumb Code    60  r_adc_b.o(.text.adc_b_adi3_isr)
    adc_b_adi4_isr                           0x00001f6f   Thumb Code    60  r_adc_b.o(.text.adc_b_adi4_isr)
    adc_b_adi5678_isr                        0x00001fab   Thumb Code    88  r_adc_b.o(.text.adc_b_adi5678_isr)
    adc_b_calend0_isr                        0x00002003   Thumb Code   160  r_adc_b.o(.text.adc_b_calend0_isr)
    adc_b_calend1_isr                        0x000020a3   Thumb Code   160  r_adc_b.o(.text.adc_b_calend1_isr)
    adc_b_err0_isr                           0x00002143   Thumb Code    58  r_adc_b.o(.text.adc_b_err0_isr)
    adc_b_err1_isr                           0x0000217d   Thumb Code    58  r_adc_b.o(.text.adc_b_err1_isr)
    adc_b_fifoovf_isr                        0x000021b7   Thumb Code    78  r_adc_b.o(.text.adc_b_fifoovf_isr)
    adc_b_fiforeq0_isr                       0x00002205   Thumb Code    52  r_adc_b.o(.text.adc_b_fiforeq0_isr)
    adc_b_fiforeq1_isr                       0x00002239   Thumb Code    52  r_adc_b.o(.text.adc_b_fiforeq1_isr)
    adc_b_fiforeq2_isr                       0x0000226d   Thumb Code    52  r_adc_b.o(.text.adc_b_fiforeq2_isr)
    adc_b_fiforeq3_isr                       0x000022a1   Thumb Code    52  r_adc_b.o(.text.adc_b_fiforeq3_isr)
    adc_b_fiforeq4_isr                       0x000022d5   Thumb Code    52  r_adc_b.o(.text.adc_b_fiforeq4_isr)
    adc_b_fiforeq5678_isr                    0x00002309   Thumb Code    68  r_adc_b.o(.text.adc_b_fiforeq5678_isr)
    adc_b_limclpi_isr                        0x00002429   Thumb Code    72  r_adc_b.o(.text.adc_b_limclpi_isr)
    adc_b_resovf0_isr                        0x00002471   Thumb Code    66  r_adc_b.o(.text.adc_b_resovf0_isr)
    adc_b_resovf1_isr                        0x000024b3   Thumb Code    66  r_adc_b.o(.text.adc_b_resovf1_isr)
    adc_group0_filter_data                   0x0000255d   Thumb Code   132  drv_adc_cb.o(.text.adc_group0_filter_data)
    arm_atan2_f32                            0x000025e1   Thumb Code   540  fastmathfunctions.o(.text.arm_atan2_f32)
    bsp_clock_init                           0x000027fd   Thumb Code   274  bsp_clocks.o(.text.bsp_clock_init)
    bsp_init                                 0x0000290f   Thumb Code     2  bsp_common.o(.text.bsp_init_internal)
    bsp_init_internal                        0x0000290f   Thumb Code     2  bsp_common.o(.text.bsp_init_internal)
    bsp_irq_cfg                              0x00002911   Thumb Code   150  bsp_irq.o(.text.bsp_irq_cfg)
    bsp_prv_software_delay_loop              0x000029a7   Thumb Code     8  bsp_delay.o(.text.bsp_prv_software_delay_loop)
    calculate_Us_thetaC_func                 0x000029b1   Thumb Code   320  m_current_cal.o(.text.calculate_Us_thetaC_func)
    calib_theta_e_r_sub_angle                0x00002af1   Thumb Code    94  m_foc.o(.text.calib_theta_e_r_sub_angle)
    chenggong_parallel_position_pid_algorithm 0x00002b4f   Thumb Code   132  m_pid.o(.text.chenggong_parallel_position_pid_algorithm)
    chenggong_us_theta_c_calculate           0x00002bd5   Thumb Code   300  m_current_cal.o(.text.chenggong_us_theta_c_calculate)
    clark_transform                          0x00002d01   Thumb Code    40  m_current_cal.o(.text.clark_transform)
    comp_hs_int_isr                          0x00002d29   Thumb Code    68  r_acmphs.o(.text.comp_hs_int_isr)
    comparator0_callback                     0x00002d6d   Thumb Code    22  drv_cmp_cb.o(.text.comparator0_callback)
    current_pid_execute                      0x00002d83   Thumb Code    52  m_foc.o(.text.current_pid_execute)
    current_static_error_cal                 0x00002db9   Thumb Code    36  m_current_cal.o(.text.current_static_error_cal)
    drv_adc_init                             0x00002ddd   Thumb Code    50  drv_adc.o(.text.drv_adc_init)
    drv_cmp_init                             0x00002e0f   Thumb Code    30  drv_cmp.o(.text.drv_cmp_init)
    drv_dac_init                             0x00002e2d   Thumb Code   106  drv_dac.o(.text.drv_dac_init)
    drv_hall_init                            0x00002e97   Thumb Code    90  drv_hall.o(.text.drv_hall_init)
    drv_io_init                              0x00002ef1   Thumb Code    16  drv_io.o(.text.drv_io_init)
    drv_key_init                             0x00002f01   Thumb Code     2  drv_key.o(.text.drv_key_init)
    drv_led_init                             0x00002f03   Thumb Code    64  drv_led.o(.text.drv_led_init)
    drv_pwm_init                             0x00002f43   Thumb Code    58  drv_pwm.o(.text.drv_pwm_init)
    drv_systick_init                         0x00002f7d   Thumb Code    70  drv_systick.o(.text.drv_systick_init)
    drv_uart_init                            0x00002fc5   Thumb Code    36  drv_uart.o(.text.drv_uart_init)
    drv_uart_send_data                       0x00003015   Thumb Code    32  drv_uart.o(.text.drv_uart_send_data)
    fputc                                    0x00003035   Thumb Code    48  drv_uart.o(.text.fputc)
    g_timer4_callback                        0x00003065   Thumb Code    28  drv_hall_cb.o(.text.g_timer4_callback)
    g_timer5_callback                        0x00003081   Thumb Code    52  drv_hall_cb.o(.text.g_timer5_callback)
    get_tripple_phase_current                0x000030b5   Thumb Code   110  m_current_cal.o(.text.get_tripple_phase_current)
    gpt_capture_compare_a_isr                0x00003199   Thumb Code     6  r_gpt.o(.text.gpt_capture_compare_a_isr)
    gpt_capture_compare_b_isr                0x0000319f   Thumb Code     6  r_gpt.o(.text.gpt_capture_compare_b_isr)
    hal_entry                                0x000031a5   Thumb Code   100  hal_entry.o(.text.hal_entry)
    id_iq_pid_para_init                      0x00003299   Thumb Code    62  m_pid.o(.text.id_iq_pid_para_init)
    m_arctan_calculate                       0x000032d9   Thumb Code   144  math_utils.o(.text.m_arctan_calculate)
    m_calculate_Us                           0x00003369   Thumb Code    46  m_foc.o(.text.m_calculate_Us)
    m_drag_rotor_angle_update                0x00003397   Thumb Code    82  m_foc.o(.text.m_drag_rotor_angle_update)
    m_drag_to_close_judgement                0x000033e9   Thumb Code   184  m_foc.o(.text.m_drag_to_close_judgement)
    m_drag_torque_set                        0x000034a1   Thumb Code    70  m_foc.o(.text.m_drag_torque_set)
    m_foc_algorithm_execute                  0x000034e9   Thumb Code   432  m_foc.o(.text.m_foc_algorithm_execute)
    m_hall_get_value                         0x00003699   Thumb Code   104  m_rotor_angle.o(.text.m_hall_get_value)
    m_obs_digital_LPF                        0x00003701   Thumb Code    20  math_utils.o(.text.m_obs_digital_LPF)
    m_obs_execute                            0x00003715   Thumb Code   292  m_observer.o(.text.m_obs_execute)
    m_obs_initial                            0x00003839   Thumb Code    28  m_observer.o(.text.m_obs_initial)
    m_rotor_angle_init                       0x00003855   Thumb Code    92  m_rotor_angle.o(.text.m_rotor_angle_init)
    m_sensorless_angle_calculate_init        0x000038b1   Thumb Code    14  m_rotor_angle.o(.text.m_sensorless_angle_calculate_init)
    m_sensorless_rpm_calculate               0x000038bf   Thumb Code   162  m_rotor_angle.o(.text.m_sensorless_rpm_calculate)
    m_sensorless_theta_e_calculate           0x00003961   Thumb Code    64  m_rotor_angle.o(.text.m_sensorless_theta_e_calculate)
    m_sensorless_theta_e_execute             0x000039a1   Thumb Code    60  m_rotor_angle.o(.text.m_sensorless_theta_e_execute)
    m_svpwm_duty_setting                     0x000039dd   Thumb Code   708  m_svpwm.o(.text.m_svpwm_duty_setting)
    m_svpwm_generate                         0x00003ca1   Thumb Code   166  m_svpwm.o(.text.m_svpwm_generate)
    main                                     0x00003d47   Thumb Code    10  main.o(.text.main)
    motor_boost_charging                     0x00003d51   Thumb Code    54  m_ctrl.o(.text.motor_boost_charging)
    motor_execute_ctrl                       0x00003d87   Thumb Code    84  m_ctrl.o(.text.motor_execute_ctrl)
    motor_init                               0x00003ddb   Thumb Code    42  m_ctrl.o(.text.motor_init)
    motor_stop                               0x00003e05   Thumb Code    52  m_ctrl.o(.text.motor_stop)
    park_transform                           0x00003e39   Thumb Code    54  m_current_cal.o(.text.park_transform)
    sci_b_uart_eri_isr                       0x00004099   Thumb Code   132  r_sci_b_uart.o(.text.sci_b_uart_eri_isr)
    sci_b_uart_rxi_isr                       0x0000411d   Thumb Code   130  r_sci_b_uart.o(.text.sci_b_uart_rxi_isr)
    sci_b_uart_tei_isr                       0x0000419f   Thumb Code    80  r_sci_b_uart.o(.text.sci_b_uart_tei_isr)
    sci_b_uart_txi_isr                       0x000041ef   Thumb Code   136  r_sci_b_uart.o(.text.sci_b_uart_txi_isr)
    series_pid_func                          0x00004277   Thumb Code   112  m_pid.o(.text.series_pid_func)
    sin_cos_calculate                        0x000042e7   Thumb Code   124  math_trigonometric.o(.text.sin_cos_calculate)
    spd_pid_para_init                        0x00004363   Thumb Code    40  m_pid.o(.text.spd_pid_para_init)
    speed_pid_execute                        0x0000438b   Thumb Code   170  m_foc.o(.text.speed_pid_execute)
    tick_execute                             0x00004435   Thumb Code    90  m_tick.o(.text.tick_execute)
    timer_over_under_flow_callback           0x0000448f   Thumb Code     2  drv_pwm_cb.o(.text.timer_over_under_flow_callback)
    uart0_callback                           0x00004491   Thumb Code    58  drv_uart_cb.o(.text.uart0_callback)
    vofa_plus_debug_func                     0x000044cd   Thumb Code    56  hal_entry.o(.text.vofa_plus_debug_func)
    __0printf$1                              0x00004515   Thumb Code    22  printf1.o(i.__0printf$1)
    __1printf$1                              0x00004515   Thumb Code     0  printf1.o(i.__0printf$1)
    __2printf                                0x00004515   Thumb Code     0  printf1.o(i.__0printf$1)
    __0sprintf$1                             0x00004535   Thumb Code    34  printf1.o(i.__0sprintf$1)
    __1sprintf$1                             0x00004535   Thumb Code     0  printf1.o(i.__0sprintf$1)
    __2sprintf                               0x00004535   Thumb Code     0  printf1.o(i.__0sprintf$1)
    g_adc0                                   0x00004724   Data          16  hal_data.o(.rodata.g_adc0)
    g_adc0_cfg                               0x00004734   Data          48  hal_data.o(.rodata.g_adc0_cfg)
    g_adc0_cfg_extend                        0x00004764   Data         260  hal_data.o(.rodata.g_adc0_cfg_extend)
    g_adc0_group_0_cfg                       0x00004868   Data          40  hal_data.o(.rodata.g_adc0_group_0_cfg)
    g_adc0_group_0_virtual_channels          0x00004890   Data          32  hal_data.o(.rodata.g_adc0_group_0_virtual_channels)
    g_adc0_group_1_cfg                       0x000048b0   Data          40  hal_data.o(.rodata.g_adc0_group_1_cfg)
    g_adc0_group_1_virtual_channels          0x000048d8   Data          12  hal_data.o(.rodata.g_adc0_group_1_virtual_channels)
    g_adc0_isr_cfg                           0x000048e4   Data         100  hal_data.o(.rodata.g_adc0_isr_cfg)
    g_adc0_scan_cfg                          0x00004948   Data           8  hal_data.o(.rodata.g_adc0_scan_cfg)
    g_adc0_scan_cfg_groups                   0x00004950   Data           8  hal_data.o(.rodata.g_adc0_scan_cfg_groups)
    g_adc0_virtual_channel_0_cfg             0x00004958   Data          20  hal_data.o(.rodata.g_adc0_virtual_channel_0_cfg)
    g_adc0_virtual_channel_10_cfg            0x0000496c   Data          20  hal_data.o(.rodata.g_adc0_virtual_channel_10_cfg)
    g_adc0_virtual_channel_1_cfg             0x00004980   Data          20  hal_data.o(.rodata.g_adc0_virtual_channel_1_cfg)
    g_adc0_virtual_channel_2_cfg             0x00004994   Data          20  hal_data.o(.rodata.g_adc0_virtual_channel_2_cfg)
    g_adc0_virtual_channel_3_cfg             0x000049a8   Data          20  hal_data.o(.rodata.g_adc0_virtual_channel_3_cfg)
    g_adc0_virtual_channel_4_cfg             0x000049bc   Data          20  hal_data.o(.rodata.g_adc0_virtual_channel_4_cfg)
    g_adc0_virtual_channel_5_cfg             0x000049d0   Data          20  hal_data.o(.rodata.g_adc0_virtual_channel_5_cfg)
    g_adc0_virtual_channel_6_cfg             0x000049e4   Data          20  hal_data.o(.rodata.g_adc0_virtual_channel_6_cfg)
    g_adc0_virtual_channel_7_cfg             0x000049f8   Data          20  hal_data.o(.rodata.g_adc0_virtual_channel_7_cfg)
    g_adc0_virtual_channel_8_cfg             0x00004a0c   Data          20  hal_data.o(.rodata.g_adc0_virtual_channel_8_cfg)
    g_adc0_virtual_channel_9_cfg             0x00004a20   Data          20  hal_data.o(.rodata.g_adc0_virtual_channel_9_cfg)
    g_adc_on_adc_b                           0x00004a34   Data          52  r_adc_b.o(.rodata.g_adc_on_adc_b)
    g_bsp_pin_cfg                            0x00004a68   Data          12  pin_data.o(.rodata.g_bsp_pin_cfg)
    g_bsp_pin_cfg_data                       0x00004a74   Data         328  pin_data.o(.rodata.g_bsp_pin_cfg_data)
    g_comparator0                            0x00004bbc   Data          12  hal_data.o(.rodata.g_comparator0)
    g_comparator0_cfg                        0x00004bc8   Data          44  hal_data.o(.rodata.g_comparator0_cfg)
    g_comparator_on_acmphs                   0x00004bf4   Data          20  r_acmphs.o(.rodata.g_comparator_on_acmphs)
    g_dac0                                   0x00004c08   Data          12  hal_data.o(.rodata.g_dac0)
    g_dac0_cfg                               0x00004c14   Data           8  hal_data.o(.rodata.g_dac0_cfg)
    g_dac0_ext_cfg                           0x00004c1c   Data          12  hal_data.o(.rodata.g_dac0_ext_cfg)
    g_dac1                                   0x00004c28   Data          12  hal_data.o(.rodata.g_dac1)
    g_dac1_cfg                               0x00004c34   Data           8  hal_data.o(.rodata.g_dac1_cfg)
    g_dac1_ext_cfg                           0x00004c3c   Data          12  hal_data.o(.rodata.g_dac1_ext_cfg)
    g_dac2                                   0x00004c48   Data          12  hal_data.o(.rodata.g_dac2)
    g_dac2_cfg                               0x00004c54   Data           8  hal_data.o(.rodata.g_dac2_cfg)
    g_dac2_ext_cfg                           0x00004c5c   Data          12  hal_data.o(.rodata.g_dac2_ext_cfg)
    g_dac3                                   0x00004c68   Data          12  hal_data.o(.rodata.g_dac3)
    g_dac3_cfg                               0x00004c74   Data           8  hal_data.o(.rodata.g_dac3_cfg)
    g_dac3_ext_cfg                           0x00004c7c   Data          12  hal_data.o(.rodata.g_dac3_ext_cfg)
    g_dac_on_dac                             0x00004c88   Data          20  r_dac.o(.rodata.g_dac_on_dac)
    g_gpt_three_phase_on_gpt_three_phase     0x00004c9c   Data          28  r_gpt_three_phase.o(.rodata.g_gpt_three_phase_on_gpt_three_phase)
    g_interrupt_event_link_select            0x00004cb8   Data         384  vector_data.o(.rodata.g_interrupt_event_link_select)
    g_ioport                                 0x00004e38   Data          12  common_data.o(.rodata.g_ioport)
    g_ioport_on_ioport                       0x00004e44   Data          52  r_ioport.o(.rodata.g_ioport_on_ioport)
    g_three_phase0                           0x00004e78   Data          12  hal_data.o(.rodata.g_three_phase0)
    g_three_phase0_cfg                       0x00004e84   Data          32  hal_data.o(.rodata.g_three_phase0_cfg)
    g_timer0                                 0x00004ea4   Data          12  hal_data.o(.rodata.g_timer0)
    g_timer0_cfg                             0x00004eb0   Data          36  hal_data.o(.rodata.g_timer0_cfg)
    g_timer0_extend                          0x00004ed4   Data          84  hal_data.o(.rodata.g_timer0_extend)
    g_timer0_pwm_extend                      0x00004f28   Data          56  hal_data.o(.rodata.g_timer0_pwm_extend)
    g_timer1                                 0x00004f60   Data          12  hal_data.o(.rodata.g_timer1)
    g_timer1_cfg                             0x00004f6c   Data          36  hal_data.o(.rodata.g_timer1_cfg)
    g_timer1_extend                          0x00004f90   Data          84  hal_data.o(.rodata.g_timer1_extend)
    g_timer1_pwm_extend                      0x00004fe4   Data          56  hal_data.o(.rodata.g_timer1_pwm_extend)
    g_timer2                                 0x0000501c   Data          12  hal_data.o(.rodata.g_timer2)
    g_timer2_cfg                             0x00005028   Data          36  hal_data.o(.rodata.g_timer2_cfg)
    g_timer2_extend                          0x0000504c   Data          84  hal_data.o(.rodata.g_timer2_extend)
    g_timer2_pwm_extend                      0x000050a0   Data          56  hal_data.o(.rodata.g_timer2_pwm_extend)
    g_timer3                                 0x000050d8   Data          12  hal_data.o(.rodata.g_timer3)
    g_timer3_cfg                             0x000050e4   Data          36  hal_data.o(.rodata.g_timer3_cfg)
    g_timer3_extend                          0x00005108   Data          84  hal_data.o(.rodata.g_timer3_extend)
    g_timer4                                 0x0000515c   Data          12  hal_data.o(.rodata.g_timer4)
    g_timer4_cfg                             0x00005168   Data          36  hal_data.o(.rodata.g_timer4_cfg)
    g_timer4_extend                          0x0000518c   Data          84  hal_data.o(.rodata.g_timer4_extend)
    g_timer5                                 0x000051e0   Data          12  hal_data.o(.rodata.g_timer5)
    g_timer5_cfg                             0x000051ec   Data          36  hal_data.o(.rodata.g_timer5_cfg)
    g_timer5_extend                          0x00005210   Data          84  hal_data.o(.rodata.g_timer5_extend)
    g_timer_on_gpt                           0x00005264   Data          52  r_gpt.o(.rodata.g_timer_on_gpt)
    g_uart0                                  0x00005298   Data          12  hal_data.o(.rodata.g_uart0)
    g_uart0_cfg                              0x000052a4   Data          68  hal_data.o(.rodata.g_uart0_cfg)
    g_uart0_cfg_extend                       0x000052e8   Data          40  hal_data.o(.rodata.g_uart0_cfg_extend)
    g_uart_on_sci_b                          0x00005310   Data          36  r_sci_b_uart.o(.rodata.g_uart_on_sci_b)
    gp_start_of_nonsecure_callable_flash     0x00005334   Data           4  bsp_security.o(.rodata.gp_start_of_nonsecure_callable_flash)
    gp_start_of_nonsecure_callable_ram       0x00005338   Data           4  bsp_security.o(.rodata.gp_start_of_nonsecure_callable_ram)
    gp_start_of_nonsecure_data_flash         0x0000533c   Data           4  bsp_security.o(.rodata.gp_start_of_nonsecure_data_flash)
    gp_start_of_nonsecure_flash              0x00005340   Data           4  bsp_security.o(.rodata.gp_start_of_nonsecure_flash)
    gp_start_of_nonsecure_ram                0x00005344   Data           4  bsp_security.o(.rodata.gp_start_of_nonsecure_ram)
    gp_start_of_secure_data_flash            0x00005348   Data           4  bsp_security.o(.rodata.gp_start_of_secure_data_flash)
    gp_start_of_secure_flash                 0x0000534c   Data           4  bsp_security.o(.rodata.gp_start_of_secure_flash)
    gp_start_of_secure_ram                   0x00005350   Data           4  bsp_security.o(.rodata.gp_start_of_secure_ram)
    Load$$DATA$$Base                         0x000054a4   Number         0  anon$$obj.o ABSOLUTE
    Image$$__tz_FLASH_C$$Base                0x00006000   Number         0  anon$$obj.o ABSOLUTE
    Image$$__tz_FLASH_N$$Base                0x00008000   Number         0  anon$$obj.o ABSOLUTE
    Image$$__tz_DATA_FLASH_N$$Base           0x08000000   Number         0  anon$$obj.o ABSOLUTE
    Image$$__tz_DATA_FLASH_S$$Base           0x08000000   Number         0  anon$$obj.o ABSOLUTE
    Image$$DATA$$Base                        0x20000000   Number         0  anon$$obj.o ABSOLUTE
    Image$$__tz_RAM_S$$Base                  0x20000000   Number         0  anon$$obj.o ABSOLUTE
    __stdout                                 0x20000000   Data           4  stdout.o(.data)
    drv_hall_capture                         0x20000004   Data          64  drv_hall_cb.o(.data.drv_hall_capture)
    g_comparator0_extend                     0x20000044   Data          12  hal_data.o(.data.g_comparator0_extend)
    g_uart0_baud_setting                     0x20000050   Data           4  hal_data.o(.data.g_uart0_baud_setting)
    Image$$BSS$$ZI$$Base                     0x20000054   Number         0  anon$$obj.o ABSOLUTE
    SystemCoreClock                          0x20000054   Data           4  system.o(.bss.SystemCoreClock)
    adc_unit                                 0x20000058   Data         200  drv_adc_cb.o(.bss.adc_unit)
    cmp0_trigger_cnt                         0x20000120   Data           4  drv_cmp_cb.o(.bss.cmp0_trigger_cnt)
    g_adc0_ctrl                              0x20000124   Data          40  hal_data.o(.bss.g_adc0_ctrl)
    g_bsp_group_irq_sources                  0x2000014c   Data          64  bsp_group_irq.o(.bss.g_bsp_group_irq_sources)
    g_comparator0_ctrl                       0x2000018c   Data          16  hal_data.o(.bss.g_comparator0_ctrl)
    g_dac0_ctrl                              0x2000019c   Data          16  hal_data.o(.bss.g_dac0_ctrl)
    g_dac1_ctrl                              0x200001ac   Data          16  hal_data.o(.bss.g_dac1_ctrl)
    g_dac2_ctrl                              0x200001bc   Data          16  hal_data.o(.bss.g_dac2_ctrl)
    g_dac3_ctrl                              0x200001cc   Data          16  hal_data.o(.bss.g_dac3_ctrl)
    g_ioport_ctrl                            0x200001dc   Data           8  common_data.o(.bss.g_ioport_ctrl)
    g_protect_counters                       0x200001e4   Data           8  bsp_register_protection.o(.bss.g_protect_counters)
    g_protect_pfswe_counter                  0x200001ec   Data           4  bsp_io.o(.bss.g_protect_pfswe_counter)
    g_three_phase0_ctrl                      0x200001f0   Data          28  hal_data.o(.bss.g_three_phase0_ctrl)
    g_timer0_ctrl                            0x2000020c   Data          32  hal_data.o(.bss.g_timer0_ctrl)
    g_timer1_ctrl                            0x2000022c   Data          32  hal_data.o(.bss.g_timer1_ctrl)
    g_timer2_ctrl                            0x2000024c   Data          32  hal_data.o(.bss.g_timer2_ctrl)
    g_timer3_ctrl                            0x2000026c   Data          32  hal_data.o(.bss.g_timer3_ctrl)
    g_timer4_ctrl                            0x2000028c   Data          32  hal_data.o(.bss.g_timer4_ctrl)
    g_timer5_ctrl                            0x200002ac   Data          32  hal_data.o(.bss.g_timer5_ctrl)
    g_uart0_ctrl                             0x200002cc   Data          48  hal_data.o(.bss.g_uart0_ctrl)
    gp_renesas_isr_context                   0x200002fc   Data         384  bsp_irq.o(.bss.gp_renesas_isr_context)
    m_current_cal_unit                       0x2000047e   Data          20  m_current_cal.o(.bss.m_current_cal_unit)
    m_foc_unit                               0x20000492   Data          40  m_foc.o(.bss.m_foc_unit)
    m_hall_unit                              0x200004bc   Data          44  m_rotor_angle.o(.bss.m_hall_unit)
    m_id_pid_unit                            0x200004e8   Data          36  m_pid.o(.bss.m_id_pid_unit)
    m_iq_pid_unit                            0x2000050c   Data          36  m_pid.o(.bss.m_iq_pid_unit)
    m_motor_ctrl                             0x20000530   Data          16  m_ctrl.o(.bss.m_motor_ctrl)
    m_obs_angle_unit                         0x20000540   Data          32  m_rotor_angle.o(.bss.m_obs_angle_unit)
    m_obs_unit                               0x20000560   Data          50  m_observer.o(.bss.m_obs_unit)
    m_spd_pid_unit                           0x20000594   Data          36  m_pid.o(.bss.m_spd_pid_unit)
    m_svpwm_unit                             0x200005b8   Data          24  m_svpwm.o(.bss.m_svpwm_unit)
    m_tick_unit                              0x200005d0   Data          18  m_tick.o(.bss.m_tick_unit)
    systick_count                            0x200005ec   Data           4  drv_systick.o(.bss.systick_count)
    Image$$__tz_RAM_C$$Base                  0x20010000   Number         0  anon$$obj.o ABSOLUTE
    Image$$__tz_RAM_N$$Base                  0x20010000   Number         0  anon$$obj.o ABSOLUTE



==============================================================================

Memory Map of the image

  Image Entry point : 0x00001bd1

  Load Region LOAD_REGION_FLASH (Base: 0x00000000, Size: 0x000054f8, Max: 0x00040000, ABSOLUTE)

    Execution Region __tz_FLASH_S (Exec base: 0x00000000, Load base: 0x00000000, Size: 0x00000000, Max: 0x00000000, ABSOLUTE)

    Exec Addr    Load Addr    Size         Type   Attr      Idx    E Section Name        Object

    0x00000000        -       0x00000000   Zero   RW            1    __tz_FLASH_S.bss    anon$$obj.o


    Execution Region VECTORS (Exec base: 0x00000000, Load base: 0x00000000, Size: 0x000001c0, Max: 0xffffffff, ABSOLUTE, FIXED)

    Exec Addr    Load Addr    Size         Type   Attr      Idx    E Section Name        Object

    0x00000000   0x00000000   0x00000040   Data   RO         2042    .fixed_vectors      startup.o
    0x00000040   0x00000040   0x00000180   Data   RO         2598    .application_vectors  vector_data.o


    Execution Region MCUBOOT_SCE9_KEY (Exec base: 0x000001c0, Load base: 0x000001c0, Size: 0x00000000, Max: 0xffffffff, ABSOLUTE, FIXED)

    **** No section assigned to this execution region ****


    Execution Region INIT_ARRAY (Exec base: 0x000001c0, Load base: 0x000001c0, Size: 0x00000000, Max: 0xffffffff, ABSOLUTE, FIXED)

    **** No section assigned to this execution region ****


    Execution Region USB_DESC_FS (Exec base: 0x000001c0, Load base: 0x000001c0, Size: 0x00000000, Max: 0xffffffff, ABSOLUTE, FIXED)

    **** No section assigned to this execution region ****


    Execution Region RO_CODE_DATA (Exec base: 0x000001c0, Load base: 0x000001c0, Size: 0x000052e4, Max: 0xffffffff, ABSOLUTE, FIXED)

    Exec Addr    Load Addr    Size         Type   Attr      Idx    E Section Name        Object

    0x000001c0   0x000001c0   0x00000024   Code   RO         2675    .text               mc_w.l(memcpya.o)
    0x000001e4   0x000001e4   0x00000024   Code   RO         2677    .text               mc_w.l(memseta.o)
    0x00000208   0x00000208   0x0000000e   Code   RO         2679    .text               mc_w.l(strlen.o)
    0x00000216   0x00000216   0x0000002c   Code   RO         3031    .text               mc_w.l(uidiv.o)
    0x00000242   0x00000242   0x00000004   Code   RO         2039    .text.Default_Handler  startup.o
    0x00000246   0x00000246   0x00000002   PAD
    0x00000248   0x00000248   0x00000044   Code   RO         2121    .text.NMI_Handler   bsp_group_irq.o
    0x0000028c   0x0000028c   0x0000008c   Code   RO         2210    .text.R_ACMPHS_Close  r_acmphs.o
    0x00000318   0x00000318   0x00000052   Code   RO         2206    .text.R_ACMPHS_InfoGet  r_acmphs.o
    0x0000036a   0x0000036a   0x000000d4   Code   RO         2202    .text.R_ACMPHS_Open  r_acmphs.o
    0x0000043e   0x0000043e   0x00000076   Code   RO         2204    .text.R_ACMPHS_OutputEnable  r_acmphs.o
    0x000004b4   0x000004b4   0x0000005a   Code   RO         2208    .text.R_ACMPHS_StatusGet  r_acmphs.o
    0x0000050e   0x0000050e   0x00000024   Code   RO         2239    .text.R_ADC_B_Calibrate  r_adc_b.o
    0x00000532   0x00000532   0x0000000e   Code   RO         2243    .text.R_ADC_B_CallbackSet  r_adc_b.o
    0x00000540   0x00000540   0x000000c0   Code   RO         2245    .text.R_ADC_B_Close  r_adc_b.o
    0x00000600   0x00000600   0x0000003e   Code   RO         2247    .text.R_ADC_B_InfoGet  r_adc_b.o
    0x0000063e   0x0000063e   0x00000004   Code   RO         2241    .text.R_ADC_B_OffsetSet  r_adc_b.o
    0x00000642   0x00000642   0x00000002   PAD
    0x00000644   0x00000644   0x0000021a   Code   RO         2223    .text.R_ADC_B_Open  r_adc_b.o
    0x0000085e   0x0000085e   0x0000002e   Code   RO         2235    .text.R_ADC_B_Read  r_adc_b.o
    0x0000088c   0x0000088c   0x00000030   Code   RO         2237    .text.R_ADC_B_Read32  r_adc_b.o
    0x000008bc   0x000008bc   0x00000260   Code   RO         2225    .text.R_ADC_B_ScanCfg  r_adc_b.o
    0x00000b1c   0x00000b1c   0x00000030   Code   RO         2229    .text.R_ADC_B_ScanGroupStart  r_adc_b.o
    0x00000b4c   0x00000b4c   0x00000014   Code   RO         2227    .text.R_ADC_B_ScanStart  r_adc_b.o
    0x00000b60   0x00000b60   0x0000000a   Code   RO         2231    .text.R_ADC_B_ScanStop  r_adc_b.o
    0x00000b6a   0x00000b6a   0x00000020   Code   RO         2233    .text.R_ADC_B_StatusGet  r_adc_b.o
    0x00000b8a   0x00000b8a   0x0000004e   Code   RO         2153    .text.R_BSP_RegisterProtectDisable  bsp_register_protection.o
    0x00000bd8   0x00000bd8   0x00000052   Code   RO         2151    .text.R_BSP_RegisterProtectEnable  bsp_register_protection.o
    0x00000c2a   0x00000c2a   0x00000048   Code   RO         2107    .text.R_BSP_SoftwareDelay  bsp_delay.o
    0x00000c72   0x00000c72   0x0000001a   Code   RO           44    .text.R_BSP_WarmStart  hal_entry.o
    0x00000c8c   0x00000c8c   0x0000003a   Code   RO         2308    .text.R_DAC_Close   r_dac.o
    0x00000cc6   0x00000cc6   0x00000092   Code   RO         2306    .text.R_DAC_Open    r_dac.o
    0x00000d58   0x00000d58   0x000000ea   Code   RO         2312    .text.R_DAC_Start   r_dac.o
    0x00000e42   0x00000e42   0x00000028   Code   RO         2314    .text.R_DAC_Stop    r_dac.o
    0x00000e6a   0x00000e6a   0x0000000c   Code   RO         2310    .text.R_DAC_Write   r_dac.o
    0x00000e76   0x00000e76   0x0000000e   Code   RO         2347    .text.R_GPT_CallbackSet  r_gpt.o
    0x00000e84   0x00000e84   0x000000bc   Code   RO         2349    .text.R_GPT_Close   r_gpt.o
    0x00000f40   0x00000f40   0x0000000e   Code   RO         2341    .text.R_GPT_CompareMatchSet  r_gpt.o
    0x00000f4e   0x00000f4e   0x0000001e   Code   RO         2335    .text.R_GPT_Disable  r_gpt.o
    0x00000f6c   0x00000f6c   0x000000a4   Code   RO         2339    .text.R_GPT_DutyCycleSet  r_gpt.o
    0x00001010   0x00001010   0x00000038   Code   RO         2333    .text.R_GPT_Enable  r_gpt.o
    0x00001048   0x00001048   0x00000044   Code   RO         2343    .text.R_GPT_InfoGet  r_gpt.o
    0x0000108c   0x0000108c   0x000002f0   Code   RO         2325    .text.R_GPT_Open    r_gpt.o
    0x0000137c   0x0000137c   0x00000042   Code   RO         2337    .text.R_GPT_PeriodSet  r_gpt.o
    0x000013be   0x000013be   0x0000000a   Code   RO         2331    .text.R_GPT_Reset   r_gpt.o
    0x000013c8   0x000013c8   0x0000000a   Code   RO         2327    .text.R_GPT_Start   r_gpt.o
    0x000013d2   0x000013d2   0x00000012   Code   RO         2345    .text.R_GPT_StatusGet  r_gpt.o
    0x000013e4   0x000013e4   0x0000000a   Code   RO         2329    .text.R_GPT_Stop    r_gpt.o
    0x000013ee   0x000013ee   0x00000014   Code   RO         2396    .text.R_GPT_THREE_PHASE_CallbackSet  r_gpt_three_phase.o
    0x00001402   0x00001402   0x00000002   PAD
    0x00001404   0x00001404   0x00000026   Code   RO         2398    .text.R_GPT_THREE_PHASE_Close  r_gpt_three_phase.o
    0x0000142a   0x0000142a   0x00000002   PAD
    0x0000142c   0x0000142c   0x00000056   Code   RO         2394    .text.R_GPT_THREE_PHASE_DutyCycleSet  r_gpt_three_phase.o
    0x00001482   0x00001482   0x00000002   PAD
    0x00001484   0x00001484   0x0000004c   Code   RO         2386    .text.R_GPT_THREE_PHASE_Open  r_gpt_three_phase.o
    0x000014d0   0x000014d0   0x0000000a   Code   RO         2392    .text.R_GPT_THREE_PHASE_Reset  r_gpt_three_phase.o
    0x000014da   0x000014da   0x0000000a   Code   RO         2388    .text.R_GPT_THREE_PHASE_Start  r_gpt_three_phase.o
    0x000014e4   0x000014e4   0x0000000a   Code   RO         2390    .text.R_GPT_THREE_PHASE_Stop  r_gpt_three_phase.o
    0x000014ee   0x000014ee   0x0000000a   Code   RO         2411    .text.R_IOPORT_Close  r_ioport.o
    0x000014f8   0x000014f8   0x00000016   Code   RO         2409    .text.R_IOPORT_Open  r_ioport.o
    0x0000150e   0x0000150e   0x0000009a   Code   RO         2415    .text.R_IOPORT_PinCfg  r_ioport.o
    0x000015a8   0x000015a8   0x00000024   Code   RO         2417    .text.R_IOPORT_PinEventInputRead  r_ioport.o
    0x000015cc   0x000015cc   0x0000003a   Code   RO         2419    .text.R_IOPORT_PinEventOutputWrite  r_ioport.o
    0x00001606   0x00001606   0x00000022   Code   RO         2421    .text.R_IOPORT_PinRead  r_ioport.o
    0x00001628   0x00001628   0x00000026   Code   RO         2423    .text.R_IOPORT_PinWrite  r_ioport.o
    0x0000164e   0x0000164e   0x0000000c   Code   RO         2413    .text.R_IOPORT_PinsCfg  r_ioport.o
    0x0000165a   0x0000165a   0x0000002c   Code   RO         2425    .text.R_IOPORT_PortDirectionSet  r_ioport.o
    0x00001686   0x00001686   0x0000001a   Code   RO         2427    .text.R_IOPORT_PortEventInputRead  r_ioport.o
    0x000016a0   0x000016a0   0x00000022   Code   RO         2429    .text.R_IOPORT_PortEventOutputWrite  r_ioport.o
    0x000016c2   0x000016c2   0x00000018   Code   RO         2431    .text.R_IOPORT_PortRead  r_ioport.o
    0x000016da   0x000016da   0x00000022   Code   RO         2433    .text.R_IOPORT_PortWrite  r_ioport.o
    0x000016fc   0x000016fc   0x0000003a   Code   RO         2456    .text.R_SCI_B_UART_Abort  r_sci_b_uart.o
    0x00001736   0x00001736   0x0000002a   Code   RO         2452    .text.R_SCI_B_UART_BaudSet  r_sci_b_uart.o
    0x00001760   0x00001760   0x0000000e   Code   RO         2458    .text.R_SCI_B_UART_CallbackSet  r_sci_b_uart.o
    0x0000176e   0x0000176e   0x00000002   PAD
    0x00001770   0x00001770   0x000000de   Code   RO         2460    .text.R_SCI_B_UART_Close  r_sci_b_uart.o
    0x0000184e   0x0000184e   0x0000000c   Code   RO         2454    .text.R_SCI_B_UART_InfoGet  r_sci_b_uart.o
    0x0000185a   0x0000185a   0x00000002   PAD
    0x0000185c   0x0000185c   0x0000030e   Code   RO         2446    .text.R_SCI_B_UART_Open  r_sci_b_uart.o
    0x00001b6a   0x00001b6a   0x0000000a   Code   RO         2448    .text.R_SCI_B_UART_Read  r_sci_b_uart.o
    0x00001b74   0x00001b74   0x0000000e   Code   RO         2462    .text.R_SCI_B_UART_ReadStop  r_sci_b_uart.o
    0x00001b82   0x00001b82   0x00000002   PAD
    0x00001b84   0x00001b84   0x0000004c   Code   RO         2450    .text.R_SCI_B_UART_Write  r_sci_b_uart.o
    0x00001bd0   0x00001bd0   0x0000000a   Code   RO         2037  * .text.Reset_Handler  startup.o
    0x00001bda   0x00001bda   0x00000010   Code   RO           60    .text.SysTick_Handler  drv_systick.o
    0x00001bea   0x00001bea   0x0000002c   Code   RO         2067    .text.SystemCoreClockUpdate  bsp_clocks.o
    0x00001c16   0x00001c16   0x00000002   PAD
    0x00001c18   0x00001c18   0x00000110   Code   RO         2050    .text.SystemInit    system.o
    0x00001d28   0x00001d28   0x00000006   Code   RO         2096    .text.__aeabi_assert  bsp_common.o
    0x00001d2e   0x00001d2e   0x00000002   PAD
    0x00001d30   0x00001d30   0x0000014e   Code   RO          180    .text.adc0_callback  drv_adc_cb.o
    0x00001e7e   0x00001e7e   0x0000003c   Code   RO         2271    .text.adc_b_adi0_isr  r_adc_b.o
    0x00001eba   0x00001eba   0x0000003c   Code   RO         2273    .text.adc_b_adi1_isr  r_adc_b.o
    0x00001ef6   0x00001ef6   0x0000003c   Code   RO         2275    .text.adc_b_adi2_isr  r_adc_b.o
    0x00001f32   0x00001f32   0x0000003c   Code   RO         2277    .text.adc_b_adi3_isr  r_adc_b.o
    0x00001f6e   0x00001f6e   0x0000003c   Code   RO         2279    .text.adc_b_adi4_isr  r_adc_b.o
    0x00001faa   0x00001faa   0x00000058   Code   RO         2281    .text.adc_b_adi5678_isr  r_adc_b.o
    0x00002002   0x00002002   0x000000a0   Code   RO         2255    .text.adc_b_calend0_isr  r_adc_b.o
    0x000020a2   0x000020a2   0x000000a0   Code   RO         2259    .text.adc_b_calend1_isr  r_adc_b.o
    0x00002142   0x00002142   0x0000003a   Code   RO         2263    .text.adc_b_err0_isr  r_adc_b.o
    0x0000217c   0x0000217c   0x0000003a   Code   RO         2265    .text.adc_b_err1_isr  r_adc_b.o
    0x000021b6   0x000021b6   0x0000004e   Code   RO         2283    .text.adc_b_fifoovf_isr  r_adc_b.o
    0x00002204   0x00002204   0x00000034   Code   RO         2285    .text.adc_b_fiforeq0_isr  r_adc_b.o
    0x00002238   0x00002238   0x00000034   Code   RO         2287    .text.adc_b_fiforeq1_isr  r_adc_b.o
    0x0000226c   0x0000226c   0x00000034   Code   RO         2289    .text.adc_b_fiforeq2_isr  r_adc_b.o
    0x000022a0   0x000022a0   0x00000034   Code   RO         2291    .text.adc_b_fiforeq3_isr  r_adc_b.o
    0x000022d4   0x000022d4   0x00000034   Code   RO         2293    .text.adc_b_fiforeq4_isr  r_adc_b.o
    0x00002308   0x00002308   0x00000044   Code   RO         2295    .text.adc_b_fiforeq5678_isr  r_adc_b.o
    0x0000234c   0x0000234c   0x0000002e   Code   RO         2249    .text.adc_b_force_stop  r_adc_b.o
    0x0000237a   0x0000237a   0x000000ae   Code   RO         2257    .text.adc_b_isr_handler  r_adc_b.o
    0x00002428   0x00002428   0x00000048   Code   RO         2261    .text.adc_b_limclpi_isr  r_adc_b.o
    0x00002470   0x00002470   0x00000042   Code   RO         2267    .text.adc_b_resovf0_isr  r_adc_b.o
    0x000024b2   0x000024b2   0x00000042   Code   RO         2269    .text.adc_b_resovf1_isr  r_adc_b.o
    0x000024f4   0x000024f4   0x00000068   Code   RO         2253    .text.adc_b_update_calibrate_state  r_adc_b.o
    0x0000255c   0x0000255c   0x00000084   Code   RO          178    .text.adc_group0_filter_data  drv_adc_cb.o
    0x000025e0   0x000025e0   0x0000021c   Code   RO          924    .text.arm_atan2_f32  fastmathfunctions.o
    0x000027fc   0x000027fc   0x00000112   Code   RO         2073    .text.bsp_clock_init  bsp_clocks.o
    0x0000290e   0x0000290e   0x00000002   Code   RO         2092    .text.bsp_init_internal  bsp_common.o
    0x00002910   0x00002910   0x00000096   Code   RO         2139    .text.bsp_irq_cfg   bsp_irq.o
    0x000029a6   0x000029a6   0x00000008   Code   RO         2109    .text.bsp_prv_software_delay_loop  bsp_delay.o
    0x000029ae   0x000029ae   0x00000002   PAD
    0x000029b0   0x000029b0   0x00000140   Code   RO          350    .text.calculate_Us_thetaC_func  m_current_cal.o
    0x00002af0   0x00002af0   0x0000005e   Code   RO          296    .text.calib_theta_e_r_sub_angle  m_foc.o
    0x00002b4e   0x00002b4e   0x00000084   Code   RO          372    .text.chenggong_parallel_position_pid_algorithm  m_pid.o
    0x00002bd2   0x00002bd2   0x00000002   PAD
    0x00002bd4   0x00002bd4   0x0000012c   Code   RO          352    .text.chenggong_us_theta_c_calculate  m_current_cal.o
    0x00002d00   0x00002d00   0x00000028   Code   RO          346    .text.clark_transform  m_current_cal.o
    0x00002d28   0x00002d28   0x00000044   Code   RO         2212    .text.comp_hs_int_isr  r_acmphs.o
    0x00002d6c   0x00002d6c   0x00000016   Code   RO          144    .text.comparator0_callback  drv_cmp_cb.o
    0x00002d82   0x00002d82   0x00000034   Code   RO          286    .text.current_pid_execute  m_foc.o
    0x00002db6   0x00002db6   0x00000002   PAD
    0x00002db8   0x00002db8   0x00000024   Code   RO          342    .text.current_static_error_cal  m_current_cal.o
    0x00002ddc   0x00002ddc   0x00000032   Code   RO          170    .text.drv_adc_init  drv_adc.o
    0x00002e0e   0x00002e0e   0x0000001e   Code   RO          136    .text.drv_cmp_init  drv_cmp.o
    0x00002e2c   0x00002e2c   0x0000006a   Code   RO          128    .text.drv_dac_init  drv_dac.o
    0x00002e96   0x00002e96   0x0000005a   Code   RO          193    .text.drv_hall_init  drv_hall.o
    0x00002ef0   0x00002ef0   0x00000010   Code   RO           83    .text.drv_io_init   drv_io.o
    0x00002f00   0x00002f00   0x00000002   Code   RO          114    .text.drv_key_init  drv_key.o
    0x00002f02   0x00002f02   0x00000040   Code   RO           71    .text.drv_led_init  drv_led.o
    0x00002f42   0x00002f42   0x0000003a   Code   RO          154    .text.drv_pwm_init  drv_pwm.o
    0x00002f7c   0x00002f7c   0x00000046   Code   RO           54    .text.drv_systick_init  drv_systick.o
    0x00002fc2   0x00002fc2   0x00000002   PAD
    0x00002fc4   0x00002fc4   0x00000050   Code   RO           91    .text.drv_uart_init  drv_uart.o
    0x00003014   0x00003014   0x00000020   Code   RO           93    .text.drv_uart_send_data  drv_uart.o
    0x00003034   0x00003034   0x00000030   Code   RO           95    .text.fputc         drv_uart.o
    0x00003064   0x00003064   0x0000001c   Code   RO          201    .text.g_timer4_callback  drv_hall_cb.o
    0x00003080   0x00003080   0x00000034   Code   RO          203    .text.g_timer5_callback  drv_hall_cb.o
    0x000030b4   0x000030b4   0x0000006e   Code   RO          344    .text.get_tripple_phase_current  m_current_cal.o
    0x00003122   0x00003122   0x00000076   Code   RO         2351    .text.gpt_calculate_duty_cycle  r_gpt.o
    0x00003198   0x00003198   0x00000006   Code   RO         2369    .text.gpt_capture_compare_a_isr  r_gpt.o
    0x0000319e   0x0000319e   0x00000006   Code   RO         2373    .text.gpt_capture_compare_b_isr  r_gpt.o
    0x000031a4   0x000031a4   0x000000a4   Code   RO           42    .text.hal_entry     hal_entry.o
    0x00003248   0x00003248   0x00000012   Code   RO          207    .text.hall_reset    drv_hall_cb.o
    0x0000325a   0x0000325a   0x0000003e   Code   RO          205    .text.hall_uvw_sign_clear  drv_hall_cb.o
    0x00003298   0x00003298   0x0000003e   Code   RO          366    .text.id_iq_pid_para_init  m_pid.o
    0x000032d6   0x000032d6   0x00000002   PAD
    0x000032d8   0x000032d8   0x00000090   Code   RO          408    .text.m_arctan_calculate  math_utils.o
    0x00003368   0x00003368   0x0000002e   Code   RO          282    .text.m_calculate_Us  m_foc.o
    0x00003396   0x00003396   0x00000052   Code   RO          290    .text.m_drag_rotor_angle_update  m_foc.o
    0x000033e8   0x000033e8   0x000000b8   Code   RO          294    .text.m_drag_to_close_judgement  m_foc.o
    0x000034a0   0x000034a0   0x00000046   Code   RO          292    .text.m_drag_torque_set  m_foc.o
    0x000034e6   0x000034e6   0x00000002   PAD
    0x000034e8   0x000034e8   0x000001b0   Code   RO          298    .text.m_foc_algorithm_execute  m_foc.o
    0x00003698   0x00003698   0x00000068   Code   RO          219    .text.m_hall_get_value  m_rotor_angle.o
    0x00003700   0x00003700   0x00000014   Code   RO          406    .text.m_obs_digital_LPF  math_utils.o
    0x00003714   0x00003714   0x00000124   Code   RO          395    .text.m_obs_execute  m_observer.o
    0x00003838   0x00003838   0x0000001c   Code   RO          393    .text.m_obs_initial  m_observer.o
    0x00003854   0x00003854   0x0000005c   Code   RO          221    .text.m_rotor_angle_init  m_rotor_angle.o
    0x000038b0   0x000038b0   0x0000000e   Code   RO          225    .text.m_sensorless_angle_calculate_init  m_rotor_angle.o
    0x000038be   0x000038be   0x000000a2   Code   RO          229    .text.m_sensorless_rpm_calculate  m_rotor_angle.o
    0x00003960   0x00003960   0x00000040   Code   RO          227    .text.m_sensorless_theta_e_calculate  m_rotor_angle.o
    0x000039a0   0x000039a0   0x0000003c   Code   RO          233    .text.m_sensorless_theta_e_execute  m_rotor_angle.o
    0x000039dc   0x000039dc   0x000002c4   Code   RO          327    .text.m_svpwm_duty_setting  m_svpwm.o
    0x00003ca0   0x00003ca0   0x000000a6   Code   RO          331    .text.m_svpwm_generate  m_svpwm.o
    0x00003d46   0x00003d46   0x0000000a   Code   RO         2582    .text.main          main.o
    0x00003d50   0x00003d50   0x00000036   Code   RO          250    .text.motor_boost_charging  m_ctrl.o
    0x00003d86   0x00003d86   0x00000054   Code   RO          256    .text.motor_execute_ctrl  m_ctrl.o
    0x00003dda   0x00003dda   0x0000002a   Code   RO          258    .text.motor_init    m_ctrl.o
    0x00003e04   0x00003e04   0x00000034   Code   RO          254    .text.motor_stop    m_ctrl.o
    0x00003e38   0x00003e38   0x00000036   Code   RO          348    .text.park_transform  m_current_cal.o
    0x00003e6e   0x00003e6e   0x000000d6   Code   RO         2371    .text.r_gpt_ccmp_common_isr  r_gpt.o
    0x00003f44   0x00003f44   0x00000058   Code   RO         2375    .text.r_gpt_enable_irq  r_gpt.o
    0x00003f9c   0x00003f9c   0x000000bc   Code   RO         2435    .text.r_ioport_pins_config  r_ioport.o
    0x00004058   0x00004058   0x00000040   Code   RO         2468    .text.r_sci_b_uart_call_callback  r_sci_b_uart.o
    0x00004098   0x00004098   0x00000084   Code   RO         2474    .text.sci_b_uart_eri_isr  r_sci_b_uart.o
    0x0000411c   0x0000411c   0x00000082   Code   RO         2470    .text.sci_b_uart_rxi_isr  r_sci_b_uart.o
    0x0000419e   0x0000419e   0x00000050   Code   RO         2472    .text.sci_b_uart_tei_isr  r_sci_b_uart.o
    0x000041ee   0x000041ee   0x00000088   Code   RO         2466    .text.sci_b_uart_txi_isr  r_sci_b_uart.o
    0x00004276   0x00004276   0x00000070   Code   RO          374    .text.series_pid_func  m_pid.o
    0x000042e6   0x000042e6   0x0000007c   Code   RO          270    .text.sin_cos_calculate  math_trigonometric.o
    0x00004362   0x00004362   0x00000028   Code   RO          368    .text.spd_pid_para_init  m_pid.o
    0x0000438a   0x0000438a   0x000000aa   Code   RO          288    .text.speed_pid_execute  m_foc.o
    0x00004434   0x00004434   0x0000005a   Code   RO          310    .text.tick_execute  m_tick.o
    0x0000448e   0x0000448e   0x00000002   Code   RO          162    .text.timer_over_under_flow_callback  drv_pwm_cb.o
    0x00004490   0x00004490   0x0000003a   Code   RO          105    .text.uart0_callback  drv_uart_cb.o
    0x000044ca   0x000044ca   0x00000002   PAD
    0x000044cc   0x000044cc   0x00000048   Code   RO           40    .text.vofa_plus_debug_func  hal_entry.o
    0x00004514   0x00004514   0x00000020   Code   RO         2728    i.__0printf$1       mc_w.l(printf1.o)
    0x00004534   0x00004534   0x00000028   Code   RO         2730    i.__0sprintf$1      mc_w.l(printf1.o)
    0x0000455c   0x0000455c   0x00000154   Code   RO         2735    i._printf_core      mc_w.l(printf1.o)
    0x000046b0   0x000046b0   0x0000000a   Code   RO         2737    i._sputc            mc_w.l(printf1.o)
    0x000046ba   0x000046ba   0x0000000e   Data   RO          236    .rodata.ROTOR_INIT_ANGLE  m_rotor_angle.o
    0x000046c8   0x000046c8   0x0000000c   Data   RO          184    .rodata.adc_group1_channels_list  drv_adc_cb.o
    0x000046d4   0x000046d4   0x00000028   Data   RO          930    .rodata.atan2_coefs_f32  fastmathfunctions.o
    0x000046fc   0x000046fc   0x00000020   Data   RO          183    .rodata.cst32       drv_adc_cb.o
    0x0000471c   0x0000471c   0x00000008   Data   RO         2156    .rodata.cst8        bsp_register_protection.o
    0x00004724   0x00004724   0x00000010   Data   RO         2532    .rodata.g_adc0      hal_data.o
    0x00004734   0x00004734   0x00000030   Data   RO         2530    .rodata.g_adc0_cfg  hal_data.o
    0x00004764   0x00004764   0x00000104   Data   RO         2529    .rodata.g_adc0_cfg_extend  hal_data.o
    0x00004868   0x00004868   0x00000028   Data   RO         2524    .rodata.g_adc0_group_0_cfg  hal_data.o
    0x00004890   0x00004890   0x00000020   Data   RO         2522    .rodata.g_adc0_group_0_virtual_channels  hal_data.o
    0x000048b0   0x000048b0   0x00000028   Data   RO         2525    .rodata.g_adc0_group_1_cfg  hal_data.o
    0x000048d8   0x000048d8   0x0000000c   Data   RO         2523    .rodata.g_adc0_group_1_virtual_channels  hal_data.o
    0x000048e4   0x000048e4   0x00000064   Data   RO         2528    .rodata.g_adc0_isr_cfg  hal_data.o
    0x00004948   0x00004948   0x00000008   Data   RO         2527    .rodata.g_adc0_scan_cfg  hal_data.o
    0x00004950   0x00004950   0x00000008   Data   RO         2526    .rodata.g_adc0_scan_cfg_groups  hal_data.o
    0x00004958   0x00004958   0x00000014   Data   RO         2511    .rodata.g_adc0_virtual_channel_0_cfg  hal_data.o
    0x0000496c   0x0000496c   0x00000014   Data   RO         2521    .rodata.g_adc0_virtual_channel_10_cfg  hal_data.o
    0x00004980   0x00004980   0x00000014   Data   RO         2512    .rodata.g_adc0_virtual_channel_1_cfg  hal_data.o
    0x00004994   0x00004994   0x00000014   Data   RO         2513    .rodata.g_adc0_virtual_channel_2_cfg  hal_data.o
    0x000049a8   0x000049a8   0x00000014   Data   RO         2514    .rodata.g_adc0_virtual_channel_3_cfg  hal_data.o
    0x000049bc   0x000049bc   0x00000014   Data   RO         2515    .rodata.g_adc0_virtual_channel_4_cfg  hal_data.o
    0x000049d0   0x000049d0   0x00000014   Data   RO         2516    .rodata.g_adc0_virtual_channel_5_cfg  hal_data.o
    0x000049e4   0x000049e4   0x00000014   Data   RO         2517    .rodata.g_adc0_virtual_channel_6_cfg  hal_data.o
    0x000049f8   0x000049f8   0x00000014   Data   RO         2518    .rodata.g_adc0_virtual_channel_7_cfg  hal_data.o
    0x00004a0c   0x00004a0c   0x00000014   Data   RO         2519    .rodata.g_adc0_virtual_channel_8_cfg  hal_data.o
    0x00004a20   0x00004a20   0x00000014   Data   RO         2520    .rodata.g_adc0_virtual_channel_9_cfg  hal_data.o
    0x00004a34   0x00004a34   0x00000034   Data   RO         2297    .rodata.g_adc_on_adc_b  r_adc_b.o
    0x00004a68   0x00004a68   0x0000000c   Data   RO         2592    .rodata.g_bsp_pin_cfg  pin_data.o
    0x00004a74   0x00004a74   0x00000148   Data   RO         2591    .rodata.g_bsp_pin_cfg_data  pin_data.o
    0x00004bbc   0x00004bbc   0x0000000c   Data   RO         2554    .rodata.g_comparator0  hal_data.o
    0x00004bc8   0x00004bc8   0x0000002c   Data   RO         2552    .rodata.g_comparator0_cfg  hal_data.o
    0x00004bf4   0x00004bf4   0x00000014   Data   RO         2214    .rodata.g_comparator_on_acmphs  r_acmphs.o
    0x00004c08   0x00004c08   0x0000000c   Data   RO         2570    .rodata.g_dac0      hal_data.o
    0x00004c14   0x00004c14   0x00000008   Data   RO         2568    .rodata.g_dac0_cfg  hal_data.o
    0x00004c1c   0x00004c1c   0x0000000c   Data   RO         2567    .rodata.g_dac0_ext_cfg  hal_data.o
    0x00004c28   0x00004c28   0x0000000c   Data   RO         2566    .rodata.g_dac1      hal_data.o
    0x00004c34   0x00004c34   0x00000008   Data   RO         2564    .rodata.g_dac1_cfg  hal_data.o
    0x00004c3c   0x00004c3c   0x0000000c   Data   RO         2563    .rodata.g_dac1_ext_cfg  hal_data.o
    0x00004c48   0x00004c48   0x0000000c   Data   RO         2562    .rodata.g_dac2      hal_data.o
    0x00004c54   0x00004c54   0x00000008   Data   RO         2560    .rodata.g_dac2_cfg  hal_data.o
    0x00004c5c   0x00004c5c   0x0000000c   Data   RO         2559    .rodata.g_dac2_ext_cfg  hal_data.o
    0x00004c68   0x00004c68   0x0000000c   Data   RO         2558    .rodata.g_dac3      hal_data.o
    0x00004c74   0x00004c74   0x00000008   Data   RO         2556    .rodata.g_dac3_cfg  hal_data.o
    0x00004c7c   0x00004c7c   0x0000000c   Data   RO         2555    .rodata.g_dac3_ext_cfg  hal_data.o
    0x00004c88   0x00004c88   0x00000014   Data   RO         2316    .rodata.g_dac_on_dac  r_dac.o
    0x00004c9c   0x00004c9c   0x0000001c   Data   RO         2400    .rodata.g_gpt_three_phase_on_gpt_three_phase  r_gpt_three_phase.o
    0x00004cb8   0x00004cb8   0x00000180   Data   RO         2599    .rodata.g_interrupt_event_link_select  vector_data.o
    0x00004e38   0x00004e38   0x0000000c   Data   RO         2490    .rodata.g_ioport    common_data.o
    0x00004e44   0x00004e44   0x00000034   Data   RO         2437    .rodata.g_ioport_on_ioport  r_ioport.o
    0x00004e78   0x00004e78   0x0000000c   Data   RO         2550    .rodata.g_three_phase0  hal_data.o
    0x00004e84   0x00004e84   0x00000020   Data   RO         2548    .rodata.g_three_phase0_cfg  hal_data.o
    0x00004ea4   0x00004ea4   0x0000000c   Data   RO         2547    .rodata.g_timer0    hal_data.o
    0x00004eb0   0x00004eb0   0x00000024   Data   RO         2545    .rodata.g_timer0_cfg  hal_data.o
    0x00004ed4   0x00004ed4   0x00000054   Data   RO         2544    .rodata.g_timer0_extend  hal_data.o
    0x00004f28   0x00004f28   0x00000038   Data   RO         2543    .rodata.g_timer0_pwm_extend  hal_data.o
    0x00004f60   0x00004f60   0x0000000c   Data   RO         2542    .rodata.g_timer1    hal_data.o
    0x00004f6c   0x00004f6c   0x00000024   Data   RO         2540    .rodata.g_timer1_cfg  hal_data.o
    0x00004f90   0x00004f90   0x00000054   Data   RO         2539    .rodata.g_timer1_extend  hal_data.o
    0x00004fe4   0x00004fe4   0x00000038   Data   RO         2538    .rodata.g_timer1_pwm_extend  hal_data.o
    0x0000501c   0x0000501c   0x0000000c   Data   RO         2537    .rodata.g_timer2    hal_data.o
    0x00005028   0x00005028   0x00000024   Data   RO         2535    .rodata.g_timer2_cfg  hal_data.o
    0x0000504c   0x0000504c   0x00000054   Data   RO         2534    .rodata.g_timer2_extend  hal_data.o
    0x000050a0   0x000050a0   0x00000038   Data   RO         2533    .rodata.g_timer2_pwm_extend  hal_data.o
    0x000050d8   0x000050d8   0x0000000c   Data   RO         2510    .rodata.g_timer3    hal_data.o
    0x000050e4   0x000050e4   0x00000024   Data   RO         2508    .rodata.g_timer3_cfg  hal_data.o
    0x00005108   0x00005108   0x00000054   Data   RO         2507    .rodata.g_timer3_extend  hal_data.o
    0x0000515c   0x0000515c   0x0000000c   Data   RO         2506    .rodata.g_timer4    hal_data.o
    0x00005168   0x00005168   0x00000024   Data   RO         2504    .rodata.g_timer4_cfg  hal_data.o
    0x0000518c   0x0000518c   0x00000054   Data   RO         2503    .rodata.g_timer4_extend  hal_data.o
    0x000051e0   0x000051e0   0x0000000c   Data   RO         2502    .rodata.g_timer5    hal_data.o
    0x000051ec   0x000051ec   0x00000024   Data   RO         2500    .rodata.g_timer5_cfg  hal_data.o
    0x00005210   0x00005210   0x00000054   Data   RO         2499    .rodata.g_timer5_extend  hal_data.o
    0x00005264   0x00005264   0x00000034   Data   RO         2377    .rodata.g_timer_on_gpt  r_gpt.o
    0x00005298   0x00005298   0x0000000c   Data   RO         2575    .rodata.g_uart0     hal_data.o
    0x000052a4   0x000052a4   0x00000044   Data   RO         2573    .rodata.g_uart0_cfg  hal_data.o
    0x000052e8   0x000052e8   0x00000028   Data   RO         2572    .rodata.g_uart0_cfg_extend  hal_data.o
    0x00005310   0x00005310   0x00000024   Data   RO         2476    .rodata.g_uart_on_sci_b  r_sci_b_uart.o
    0x00005334   0x00005334   0x00000004   Data   RO         2190    .rodata.gp_start_of_nonsecure_callable_flash  bsp_security.o
    0x00005338   0x00005338   0x00000004   Data   RO         2193    .rodata.gp_start_of_nonsecure_callable_ram  bsp_security.o
    0x0000533c   0x0000533c   0x00000004   Data   RO         2195    .rodata.gp_start_of_nonsecure_data_flash  bsp_security.o
    0x00005340   0x00005340   0x00000004   Data   RO         2189    .rodata.gp_start_of_nonsecure_flash  bsp_security.o
    0x00005344   0x00005344   0x00000004   Data   RO         2192    .rodata.gp_start_of_nonsecure_ram  bsp_security.o
    0x00005348   0x00005348   0x00000004   Data   RO         2196    .rodata.gp_start_of_secure_data_flash  bsp_security.o
    0x0000534c   0x0000534c   0x00000004   Data   RO         2191    .rodata.gp_start_of_secure_flash  bsp_security.o
    0x00005350   0x00005350   0x00000004   Data   RO         2194    .rodata.gp_start_of_secure_ram  bsp_security.o
    0x00005354   0x00005354   0x00000100   Data   RO          272    .rodata.sin_func_value_table  math_trigonometric.o
    0x00005454   0x00005454   0x0000004e   Data   RO         2098    .version            bsp_common.o


    Execution Region __tz_RAM_S (Exec base: 0x20000000, Load base: 0x000054a4, Size: 0x00000000, Max: 0x00000000, ABSOLUTE)

    Exec Addr    Load Addr    Size         Type   Attr      Idx    E Section Name        Object

    0x20000000        -       0x00000000   Zero   RW            2    __tz_RAM_S.bss      anon$$obj.o


    Execution Region DTC_VECTOR_TABLE (Exec base: 0x20000000, Load base: 0x000054a4, Size: 0x00000000, Max: 0x00010000, ABSOLUTE, UNINIT)

    **** No section assigned to this execution region ****


    Execution Region DATA (Exec base: 0x20000000, Load base: 0x000054a4, Size: 0x00000054, Max: 0xffffffff, ABSOLUTE)

    Exec Addr    Load Addr    Size         Type   Attr      Idx    E Section Name        Object

    0x20000000   0x000054a4   0x00000004   Data   RW         3021    .data               mc_w.l(stdout.o)
    0x20000004   0x000054a8   0x00000040   Data   RW          209    .data.drv_hall_capture  drv_hall_cb.o
    0x20000044   0x000054e8   0x0000000c   Data   RW         2551    .data.g_comparator0_extend  hal_data.o
    0x20000050   0x000054f4   0x00000004   Data   RW         2571    .data.g_uart0_baud_setting  hal_data.o


    Execution Region BSS (Exec base: 0x20000054, Load base: 0x000054f8, Size: 0x0000059c, Max: 0xffffffff, ABSOLUTE)

    Exec Addr    Load Addr    Size         Type   Attr      Idx    E Section Name        Object

    0x20000054        -       0x00000004   Zero   RW         2054    .bss.SystemCoreClock  system.o
    0x20000058        -       0x000000c8   Zero   RW          182    .bss.adc_unit       drv_adc_cb.o
    0x20000120        -       0x00000004   Zero   RW          146    .bss.cmp0_trigger_cnt  drv_cmp_cb.o
    0x20000124        -       0x00000028   Zero   RW         2531    .bss.g_adc0_ctrl    hal_data.o
    0x2000014c        -       0x00000040   Zero   RW         2123    .bss.g_bsp_group_irq_sources  bsp_group_irq.o
    0x2000018c        -       0x00000010   Zero   RW         2553    .bss.g_comparator0_ctrl  hal_data.o
    0x2000019c        -       0x00000010   Zero   RW         2569    .bss.g_dac0_ctrl    hal_data.o
    0x200001ac        -       0x00000010   Zero   RW         2565    .bss.g_dac1_ctrl    hal_data.o
    0x200001bc        -       0x00000010   Zero   RW         2561    .bss.g_dac2_ctrl    hal_data.o
    0x200001cc        -       0x00000010   Zero   RW         2557    .bss.g_dac3_ctrl    hal_data.o
    0x200001dc        -       0x00000008   Zero   RW         2489    .bss.g_ioport_ctrl  common_data.o
    0x200001e4        -       0x00000008   Zero   RW         2155    .bss.g_protect_counters  bsp_register_protection.o
    0x200001ec        -       0x00000004   Zero   RW         2133    .bss.g_protect_pfswe_counter  bsp_io.o
    0x200001f0        -       0x0000001c   Zero   RW         2549    .bss.g_three_phase0_ctrl  hal_data.o
    0x2000020c        -       0x00000020   Zero   RW         2546    .bss.g_timer0_ctrl  hal_data.o
    0x2000022c        -       0x00000020   Zero   RW         2541    .bss.g_timer1_ctrl  hal_data.o
    0x2000024c        -       0x00000020   Zero   RW         2536    .bss.g_timer2_ctrl  hal_data.o
    0x2000026c        -       0x00000020   Zero   RW         2509    .bss.g_timer3_ctrl  hal_data.o
    0x2000028c        -       0x00000020   Zero   RW         2505    .bss.g_timer4_ctrl  hal_data.o
    0x200002ac        -       0x00000020   Zero   RW         2501    .bss.g_timer5_ctrl  hal_data.o
    0x200002cc        -       0x00000030   Zero   RW         2574    .bss.g_uart0_ctrl   hal_data.o
    0x200002fc        -       0x00000180   Zero   RW         2142    .bss.gp_renesas_isr_context  bsp_irq.o
    0x2000047c        -       0x00000001   Zero   RW          210    .bss.hall_uvw_sign_clear.test_io_1_level  drv_hall_cb.o
    0x2000047d   0x000054f8   0x00000001   PAD
    0x2000047e        -       0x00000014   Zero   RW          356    .bss.m_current_cal_unit  m_current_cal.o
    0x20000492        -       0x00000028   Zero   RW          301    .bss.m_foc_unit     m_foc.o
    0x200004ba   0x000054f8   0x00000002   PAD
    0x200004bc        -       0x0000002c   Zero   RW          235    .bss.m_hall_unit    m_rotor_angle.o
    0x200004e8        -       0x00000024   Zero   RW          378    .bss.m_id_pid_unit  m_pid.o
    0x2000050c        -       0x00000024   Zero   RW          379    .bss.m_iq_pid_unit  m_pid.o
    0x20000530        -       0x00000010   Zero   RW          260    .bss.m_motor_ctrl   m_ctrl.o
    0x20000540        -       0x00000020   Zero   RW          240    .bss.m_obs_angle_unit  m_rotor_angle.o
    0x20000560        -       0x00000032   Zero   RW          397    .bss.m_obs_unit     m_observer.o
    0x20000592   0x000054f8   0x00000002   PAD
    0x20000594        -       0x00000024   Zero   RW          380    .bss.m_spd_pid_unit  m_pid.o
    0x200005b8        -       0x00000018   Zero   RW          333    .bss.m_svpwm_unit   m_svpwm.o
    0x200005d0        -       0x00000012   Zero   RW          312    .bss.m_tick_unit    m_tick.o
    0x200005e2   0x000054f8   0x00000002   PAD
    0x200005e4        -       0x00000004   Zero   RW          237    .bss.rotor_angle    m_rotor_angle.o
    0x200005e8        -       0x00000004   Zero   RW          241    .bss.rotor_angle_inc.0  m_rotor_angle.o
    0x200005ec        -       0x00000004   Zero   RW           62    .bss.systick_count  drv_systick.o


    Execution Region NOINIT (Exec base: 0x200005f0, Load base: 0x000054f8, Size: 0x0000001c, Max: 0xffffffff, ABSOLUTE, UNINIT)

    Exec Addr    Load Addr    Size         Type   Attr      Idx    E Section Name        Object

    0x200005f0        -       0x0000001c   Zero   RW         2083    .bss.noinit         bsp_clocks.o


    Execution Region ARM_LIB_HEAP (Exec base: 0x20000610, Load base: 0x000054f8, Size: 0x00000000, Max: 0xffffffff, ABSOLUTE, UNINIT)

    **** No section assigned to this execution region ****


    Execution Region ARM_LIB_STACK (Exec base: 0x20000610, Load base: 0x000054f8, Size: 0x00000000, Max: 0x00000000, ABSOLUTE, UNINIT)

    Exec Addr    Load Addr    Size         Type   Attr      Idx    E Section Name        Object

    0x20000610        -       0x00000000   Zero   RW            3    ARM_LIB_STACK.bss   anon$$obj.o


    Execution Region STACK (Exec base: 0x20000610, Load base: 0x000054f8, Size: 0x00000400, Max: 0xffffffff, ABSOLUTE, UNINIT)

    Exec Addr    Load Addr    Size         Type   Attr      Idx    E Section Name        Object

    0x20000610        -       0x00000400   Zero   RW         2041    .bss.stack          startup.o


    Execution Region RAM_END (Exec base: 0x20000a10, Load base: 0x000054f8, Size: 0x00000004, Max: 0x00000004, ABSOLUTE)

    Exec Addr    Load Addr    Size         Type   Attr      Idx    E Section Name        Object

    0x20000a10        -       0x00000004   Zero   RW            4    RAM_END.bss         anon$$obj.o


    Execution Region __tz_RAM_C (Exec base: 0x20010000, Load base: 0x000054f8, Size: 0x00000000, Max: 0x00000000, ABSOLUTE)

    Exec Addr    Load Addr    Size         Type   Attr      Idx    E Section Name        Object

    0x20010000        -       0x00000000   Zero   RW            5    __tz_RAM_C.bss      anon$$obj.o


    Execution Region __tz_RAM_N (Exec base: 0x20010000, Load base: 0x000054f8, Size: 0x00000000, Max: 0x00000000, ABSOLUTE)

    Exec Addr    Load Addr    Size         Type   Attr      Idx    E Section Name        Object

    0x20010000        -       0x00000000   Zero   RW            6    __tz_RAM_N.bss      anon$$obj.o


    Execution Region RAM_LIMIT (Exec base: 0x20010000, Load base: 0x000054f8, Size: 0x00000004, Max: 0x00000004, ABSOLUTE)

    Exec Addr    Load Addr    Size         Type   Attr      Idx    E Section Name        Object

    0x20010000        -       0x00000004   Zero   RW            7    RAM_LIMIT.bss       anon$$obj.o


    Execution Region OSPI_DEVICE_0_NO_LOAD (Exec base: 0x80020000, Load base: 0x000054f8, Size: 0x00000000, Max: 0xffffffff, ABSOLUTE, UNINIT)

    **** No section assigned to this execution region ****


    Execution Region OSPI_DEVICE_1_NO_LOAD (Exec base: 0x80030000, Load base: 0x000054f8, Size: 0x00000000, Max: 0xffffffff, ABSOLUTE, UNINIT)

    **** No section assigned to this execution region ****



  Load Region LOAD_REGION_NSC_FLASH (Base: 0x00006000, Size: 0x00000000, Max: 0xffffffff, ABSOLUTE)

    Execution Region __tz_FLASH_C (Exec base: 0x00006000, Load base: 0x00006000, Size: 0x00000000, Max: 0x00000000, ABSOLUTE)

    Exec Addr    Load Addr    Size         Type   Attr      Idx    E Section Name        Object

    0x00006000        -       0x00000000   Zero   RW            8    __tz_FLASH_C.bss    anon$$obj.o


    Execution Region EXEC_NSCR (Exec base: 0x00006000, Load base: 0x00006000, Size: 0x00000000, Max: 0xffffffff, ABSOLUTE, FIXED)

    **** No section assigned to this execution region ****


    Execution Region __tz_FLASH_N (Exec base: 0x00008000, Load base: 0x00006000, Size: 0x00000000, Max: 0x00000000, ABSOLUTE)

    Exec Addr    Load Addr    Size         Type   Attr      Idx    E Section Name        Object

    0x00008000        -       0x00000000   Zero   RW            9    __tz_FLASH_N.bss    anon$$obj.o



  Load Region LOAD_REGION_ID_CODE (Base: 0x00000000, Size: 0x00000000, Max: 0x00000004, ABSOLUTE)

    Execution Region __tz_ID_CODE_S (Exec base: 0x00000000, Load base: 0x00000000, Size: 0x00000000, Max: 0x00000000, ABSOLUTE)

    Exec Addr    Load Addr    Size         Type   Attr      Idx    E Section Name        Object

    0x00000000        -       0x00000000   Zero   RW           10    __tz_ID_CODE_S.bss  anon$$obj.o


    Execution Region __tz_ID_CODE_N (Exec base: 0x00000000, Load base: 0x00000000, Size: 0x00000000, Max: 0x00000000, ABSOLUTE)

    Exec Addr    Load Addr    Size         Type   Attr      Idx    E Section Name        Object

    0x00000000        -       0x00000000   Zero   RW           11    __tz_ID_CODE_N.bss  anon$$obj.o



  Load Region LOAD_REGION_OPTION_SETTING (Base: 0x0100a100, Size: 0x00000080, Max: 0x00000100, ABSOLUTE)

    Execution Region __tz_OPTION_SETTING_S (Exec base: 0x0100a100, Load base: 0x0100a100, Size: 0x00000000, Max: 0x00000000, ABSOLUTE)

    Exec Addr    Load Addr    Size         Type   Attr      Idx    E Section Name        Object

    0x0100a100        -       0x00000000   Zero   RW           12    __tz_OPTION_SETTING_S.bss  anon$$obj.o


    Execution Region OFS0 (Exec base: 0x0100a100, Load base: 0x0100a100, Size: 0x00000004, Max: 0xffffffff, ABSOLUTE, FIXED)

    Exec Addr    Load Addr    Size         Type   Attr      Idx    E Section Name        Object

    0x0100a100   0x0100a100   0x00000004   Data   RO         2165    .option_setting_ofs0  bsp_rom_registers.o


    Execution Region UNUSED_0 (Exec base: 0x0100a104, Load base: 0x0100a104, Size: 0x00000000, Max: 0x00000000, ABSOLUTE, FIXED)

    Exec Addr    Load Addr    Size         Type   Attr      Idx    E Section Name        Object

    0x0100a104        -       0x00000000   Zero   RW           13    UNUSED_0.bss        anon$$obj.o


    Execution Region OFS2 (Exec base: 0x0100a104, Load base: 0x0100a104, Size: 0x00000000, Max: 0xffffffff, ABSOLUTE, FIXED)

    **** No section assigned to this execution region ****


    Execution Region UNUSED_1 (Exec base: 0x0100a104, Load base: 0x0100a104, Size: 0x0000000c, Max: 0x0000000c, ABSOLUTE, FIXED)

    Exec Addr    Load Addr    Size         Type   Attr      Idx    E Section Name        Object

    0x0100a104        -       0x0000000c   Zero   RW           14    UNUSED_1.bss        anon$$obj.o


    Execution Region DUALSEL (Exec base: 0x0100a110, Load base: 0x0100a110, Size: 0x00000000, Max: 0xffffffff, ABSOLUTE, FIXED)

    **** No section assigned to this execution region ****


    Execution Region UNUSED_2 (Exec base: 0x0100a110, Load base: 0x0100a110, Size: 0x00000024, Max: 0x00000024, ABSOLUTE, FIXED)

    Exec Addr    Load Addr    Size         Type   Attr      Idx    E Section Name        Object

    0x0100a110        -       0x00000024   Zero   RW           15    UNUSED_2.bss        anon$$obj.o


    Execution Region SAS (Exec base: 0x0100a134, Load base: 0x0100a134, Size: 0x00000004, Max: 0xffffffff, ABSOLUTE, FIXED)

    Exec Addr    Load Addr    Size         Type   Attr      Idx    E Section Name        Object

    0x0100a134   0x0100a134   0x00000004   Data   RO         2166    .option_setting_sas  bsp_rom_registers.o


    Execution Region UNUSED_3 (Exec base: 0x0100a138, Load base: 0x0100a138, Size: 0x00000048, Max: 0x00000048, ABSOLUTE, FIXED)

    Exec Addr    Load Addr    Size         Type   Attr      Idx    E Section Name        Object

    0x0100a138        -       0x00000048   Zero   RW           16    UNUSED_3.bss        anon$$obj.o


    Execution Region __tz_OPTION_SETTING_N (Exec base: 0x0100a180, Load base: 0x0100a180, Size: 0x00000000, Max: 0x00000000, ABSOLUTE)

    Exec Addr    Load Addr    Size         Type   Attr      Idx    E Section Name        Object

    0x0100a180        -       0x00000000   Zero   RW           17    __tz_OPTION_SETTING_N.bss  anon$$obj.o



  Load Region LOAD_REGION_OPTION_SETTING_S (Base: 0x0100a200, Size: 0x00000100, Max: 0x00000100, ABSOLUTE)

    Execution Region __tz_OPTION_SETTING_S_S (Exec base: 0x0100a200, Load base: 0x0100a200, Size: 0x00000000, Max: 0x00000000, ABSOLUTE)

    Exec Addr    Load Addr    Size         Type   Attr      Idx    E Section Name        Object

    0x0100a200        -       0x00000000   Zero   RW           18    __tz_OPTION_SETTING_S_S.bss  anon$$obj.o


    Execution Region OFS1_SEC (Exec base: 0x0100a200, Load base: 0x0100a200, Size: 0x00000004, Max: 0xffffffff, ABSOLUTE, FIXED)

    Exec Addr    Load Addr    Size         Type   Attr      Idx    E Section Name        Object

    0x0100a200   0x0100a200   0x00000004   Data   RO         2167    .option_setting_ofs1_sec  bsp_rom_registers.o


    Execution Region UNUSED_7 (Exec base: 0x0100a204, Load base: 0x0100a204, Size: 0x00000000, Max: 0x00000000, ABSOLUTE, FIXED)

    Exec Addr    Load Addr    Size         Type   Attr      Idx    E Section Name        Object

    0x0100a204        -       0x00000000   Zero   RW           19    UNUSED_7.bss        anon$$obj.o


    Execution Region OFS3_SEC (Exec base: 0x0100a204, Load base: 0x0100a204, Size: 0x00000000, Max: 0xffffffff, ABSOLUTE, FIXED)

    **** No section assigned to this execution region ****


    Execution Region UNUSED_8 (Exec base: 0x0100a204, Load base: 0x0100a204, Size: 0x0000000c, Max: 0x0000000c, ABSOLUTE, FIXED)

    Exec Addr    Load Addr    Size         Type   Attr      Idx    E Section Name        Object

    0x0100a204        -       0x0000000c   Zero   RW           20    UNUSED_8.bss        anon$$obj.o


    Execution Region BANKSEL_SEC (Exec base: 0x0100a210, Load base: 0x0100a210, Size: 0x00000004, Max: 0xffffffff, ABSOLUTE, FIXED)

    Exec Addr    Load Addr    Size         Type   Attr      Idx    E Section Name        Object

    0x0100a210   0x0100a210   0x00000004   Data   RO         2168    .option_setting_banksel_sec  bsp_rom_registers.o


    Execution Region UNUSED_9 (Exec base: 0x0100a214, Load base: 0x0100a214, Size: 0x0000002c, Max: 0x0000002c, ABSOLUTE, FIXED)

    Exec Addr    Load Addr    Size         Type   Attr      Idx    E Section Name        Object

    0x0100a214        -       0x0000002c   Zero   RW           21    UNUSED_9.bss        anon$$obj.o


    Execution Region BPS_SEC (Exec base: 0x0100a240, Load base: 0x0100a240, Size: 0x00000010, Max: 0xffffffff, ABSOLUTE, FIXED)

    Exec Addr    Load Addr    Size         Type   Attr      Idx    E Section Name        Object

    0x0100a240   0x0100a240   0x00000004   Data   RO         2169    .option_setting_bps_sec0  bsp_rom_registers.o
    0x0100a244   0x0100a244   0x00000004   Data   RO         2170    .option_setting_bps_sec1  bsp_rom_registers.o
    0x0100a248   0x0100a248   0x00000004   Data   RO         2171    .option_setting_bps_sec2  bsp_rom_registers.o
    0x0100a24c   0x0100a24c   0x00000004   Data   RO         2172    .option_setting_bps_sec3  bsp_rom_registers.o


    Execution Region UNUSED_10 (Exec base: 0x0100a250, Load base: 0x0100a250, Size: 0x00000010, Max: 0x00000010, ABSOLUTE, FIXED)

    Exec Addr    Load Addr    Size         Type   Attr      Idx    E Section Name        Object

    0x0100a250        -       0x00000010   Zero   RW           22    UNUSED_10.bss       anon$$obj.o


    Execution Region PBPS_SEC (Exec base: 0x0100a260, Load base: 0x0100a260, Size: 0x00000010, Max: 0xffffffff, ABSOLUTE, FIXED)

    Exec Addr    Load Addr    Size         Type   Attr      Idx    E Section Name        Object

    0x0100a260   0x0100a260   0x00000004   Data   RO         2173    .option_setting_pbps_sec0  bsp_rom_registers.o
    0x0100a264   0x0100a264   0x00000004   Data   RO         2174    .option_setting_pbps_sec1  bsp_rom_registers.o
    0x0100a268   0x0100a268   0x00000004   Data   RO         2175    .option_setting_pbps_sec2  bsp_rom_registers.o
    0x0100a26c   0x0100a26c   0x00000004   Data   RO         2176    .option_setting_pbps_sec3  bsp_rom_registers.o


    Execution Region UNUSED_11 (Exec base: 0x0100a270, Load base: 0x0100a270, Size: 0x00000010, Max: 0x00000010, ABSOLUTE, FIXED)

    Exec Addr    Load Addr    Size         Type   Attr      Idx    E Section Name        Object

    0x0100a270        -       0x00000010   Zero   RW           23    UNUSED_11.bss       anon$$obj.o


    Execution Region OFS1_SEL (Exec base: 0x0100a280, Load base: 0x0100a280, Size: 0x00000004, Max: 0xffffffff, ABSOLUTE, FIXED)

    Exec Addr    Load Addr    Size         Type   Attr      Idx    E Section Name        Object

    0x0100a280   0x0100a280   0x00000004   Data   RO         2177    .option_setting_ofs1_sel  bsp_rom_registers.o


    Execution Region UNUSED_12 (Exec base: 0x0100a284, Load base: 0x0100a284, Size: 0x00000000, Max: 0x00000000, ABSOLUTE, FIXED)

    Exec Addr    Load Addr    Size         Type   Attr      Idx    E Section Name        Object

    0x0100a284        -       0x00000000   Zero   RW           24    UNUSED_12.bss       anon$$obj.o


    Execution Region OFS3_SEL (Exec base: 0x0100a284, Load base: 0x0100a284, Size: 0x00000000, Max: 0xffffffff, ABSOLUTE, FIXED)

    **** No section assigned to this execution region ****


    Execution Region UNUSED_13 (Exec base: 0x0100a284, Load base: 0x0100a284, Size: 0x0000000c, Max: 0x0000000c, ABSOLUTE, FIXED)

    Exec Addr    Load Addr    Size         Type   Attr      Idx    E Section Name        Object

    0x0100a284        -       0x0000000c   Zero   RW           25    UNUSED_13.bss       anon$$obj.o


    Execution Region BANKSEL_SEL (Exec base: 0x0100a290, Load base: 0x0100a290, Size: 0x00000000, Max: 0xffffffff, ABSOLUTE, FIXED)

    **** No section assigned to this execution region ****


    Execution Region UNUSED_14 (Exec base: 0x0100a290, Load base: 0x0100a290, Size: 0x00000030, Max: 0x00000030, ABSOLUTE, FIXED)

    Exec Addr    Load Addr    Size         Type   Attr      Idx    E Section Name        Object

    0x0100a290        -       0x00000030   Zero   RW           26    UNUSED_14.bss       anon$$obj.o


    Execution Region BPS_SEL (Exec base: 0x0100a2c0, Load base: 0x0100a2c0, Size: 0x00000010, Max: 0xffffffff, ABSOLUTE, FIXED)

    Exec Addr    Load Addr    Size         Type   Attr      Idx    E Section Name        Object

    0x0100a2c0   0x0100a2c0   0x00000004   Data   RO         2178    .option_setting_bps_sel0  bsp_rom_registers.o
    0x0100a2c4   0x0100a2c4   0x00000004   Data   RO         2179    .option_setting_bps_sel1  bsp_rom_registers.o
    0x0100a2c8   0x0100a2c8   0x00000004   Data   RO         2180    .option_setting_bps_sel2  bsp_rom_registers.o
    0x0100a2cc   0x0100a2cc   0x00000004   Data   RO         2181    .option_setting_bps_sel3  bsp_rom_registers.o


    Execution Region UNUSED_15 (Exec base: 0x0100a2d0, Load base: 0x0100a2d0, Size: 0x00000030, Max: 0x00000030, ABSOLUTE, FIXED)

    Exec Addr    Load Addr    Size         Type   Attr      Idx    E Section Name        Object

    0x0100a2d0        -       0x00000030   Zero   RW           27    UNUSED_15.bss       anon$$obj.o


    Execution Region __tz_OPTION_SETTING_S_N (Exec base: 0x0100a300, Load base: 0x0100a300, Size: 0x00000000, Max: 0x00000000, ABSOLUTE)

    Exec Addr    Load Addr    Size         Type   Attr      Idx    E Section Name        Object

    0x0100a300        -       0x00000000   Zero   RW           28    __tz_OPTION_SETTING_S_N.bss  anon$$obj.o



  Load Region LOAD_REGION_DATA_FLASH (Base: 0x08000000, Size: 0x00000000, Max: 0x00004000, ABSOLUTE)

    Execution Region __tz_DATA_FLASH_S (Exec base: 0x08000000, Load base: 0x08000000, Size: 0x00000000, Max: 0x00000000, ABSOLUTE)

    Exec Addr    Load Addr    Size         Type   Attr      Idx    E Section Name        Object

    0x08000000        -       0x00000000   Zero   RW           29    __tz_DATA_FLASH_S.bss  anon$$obj.o


    Execution Region DATA_FLASH (Exec base: 0x08000000, Load base: 0x08000000, Size: 0x00000000, Max: 0xffffffff, ABSOLUTE)

    **** No section assigned to this execution region ****


    Execution Region __tz_DATA_FLASH_N (Exec base: 0x08000000, Load base: 0x08000000, Size: 0x00000000, Max: 0x00000000, ABSOLUTE)

    Exec Addr    Load Addr    Size         Type   Attr      Idx    E Section Name        Object

    0x08000000        -       0x00000000   Zero   RW           30    __tz_DATA_FLASH_N.bss  anon$$obj.o



  Load Region LOAD_REGION_QSPI_FLASH (Base: 0x60000000, Size: 0x00000000, Max: 0x00000000, ABSOLUTE)

    Execution Region __tz_QSPI_FLASH_S (Exec base: 0x60000000, Load base: 0x60000000, Size: 0x00000000, Max: 0x00000000, ABSOLUTE)

    Exec Addr    Load Addr    Size         Type   Attr      Idx    E Section Name        Object

    0x60000000        -       0x00000000   Zero   RW           31    __tz_QSPI_FLASH_S.bss  anon$$obj.o


    Execution Region QSPI_FLASH (Exec base: 0x60000000, Load base: 0x60000000, Size: 0x00000000, Max: 0xffffffff, ABSOLUTE, FIXED)

    **** No section assigned to this execution region ****


    Execution Region __tz_QSPI_FLASH_N (Exec base: 0x60000000, Load base: 0x60000000, Size: 0x00000000, Max: 0x00000000, ABSOLUTE)

    Exec Addr    Load Addr    Size         Type   Attr      Idx    E Section Name        Object

    0x60000000        -       0x00000000   Zero   RW           32    __tz_QSPI_FLASH_N.bss  anon$$obj.o



  Load Region LOAD_REGION_OSPI_DEVICE_0 (Base: 0x80020000, Size: 0x00000000, Max: 0x00000000, ABSOLUTE)

    Execution Region __tz_OSPI_DEVICE_0_S (Exec base: 0x80020000, Load base: 0x80020000, Size: 0x00000000, Max: 0x00000000, ABSOLUTE)

    Exec Addr    Load Addr    Size         Type   Attr      Idx    E Section Name        Object

    0x80020000        -       0x00000000   Zero   RW           33    __tz_OSPI_DEVICE_0_S.bss  anon$$obj.o


    Execution Region OSPI_DEVICE_0 (Exec base: 0x80020000, Load base: 0x80020000, Size: 0x00000000, Max: 0xffffffff, ABSOLUTE, FIXED)

    **** No section assigned to this execution region ****


    Execution Region __tz_OSPI_DEVICE_0_N (Exec base: 0x80020000, Load base: 0x80020000, Size: 0x00000000, Max: 0x00000000, ABSOLUTE)

    Exec Addr    Load Addr    Size         Type   Attr      Idx    E Section Name        Object

    0x80020000        -       0x00000000   Zero   RW           34    __tz_OSPI_DEVICE_0_N.bss  anon$$obj.o



  Load Region LOAD_REGION_OSPI_DEVICE_1 (Base: 0x80030000, Size: 0x00000000, Max: 0x00000000, ABSOLUTE)

    Execution Region __tz_OSPI_DEVICE_1_S (Exec base: 0x80030000, Load base: 0x80030000, Size: 0x00000000, Max: 0x00000000, ABSOLUTE)

    Exec Addr    Load Addr    Size         Type   Attr      Idx    E Section Name        Object

    0x80030000        -       0x00000000   Zero   RW           35    __tz_OSPI_DEVICE_1_S.bss  anon$$obj.o


    Execution Region OSPI_DEVICE_1 (Exec base: 0x80030000, Load base: 0x80030000, Size: 0x00000000, Max: 0xffffffff, ABSOLUTE, FIXED)

    **** No section assigned to this execution region ****


    Execution Region __tz_OSPI_DEVICE_1_N (Exec base: 0x80030000, Load base: 0x80030000, Size: 0x00000000, Max: 0x00000000, ABSOLUTE)

    Exec Addr    Load Addr    Size         Type   Attr      Idx    E Section Name        Object

    0x80030000        -       0x00000000   Zero   RW           36    __tz_OSPI_DEVICE_1_N.bss  anon$$obj.o



  Load Region LOAD_REGION_SDRAM (Base: 0x80010000, Size: 0x00000000, Max: 0x00000000, ABSOLUTE)

    Execution Region __tz_SDRAM_S (Exec base: 0x80010000, Load base: 0x80010000, Size: 0x00000000, Max: 0x00000000, ABSOLUTE)

    Exec Addr    Load Addr    Size         Type   Attr      Idx    E Section Name        Object

    0x80010000        -       0x00000000   Zero   RW           37    __tz_SDRAM_S.bss    anon$$obj.o


    Execution Region SDRAM (Exec base: 0x80010000, Load base: 0x80010000, Size: 0x00000000, Max: 0xffffffff, ABSOLUTE, FIXED)

    **** No section assigned to this execution region ****


    Execution Region __tz_SDRAM_N (Exec base: 0x80010000, Load base: 0x80010000, Size: 0x00000000, Max: 0x00000000, ABSOLUTE)

    Exec Addr    Load Addr    Size         Type   Attr      Idx    E Section Name        Object

    0x80010000        -       0x00000000   Zero   RW           38    __tz_SDRAM_N.bss    anon$$obj.o


==============================================================================

Image component sizes


      Code (inc. data)   RO Data    RW Data    ZI Data      Debug   Object Name

       318          0          0          0         28      27995   bsp_clocks.o
         8          0         78          0          0       9912   bsp_common.o
        80          0          0          0          0       1676   bsp_delay.o
        68          0          0          0         64      14197   bsp_group_irq.o
         0          0          0          0          4        567   bsp_io.o
       150          0          0          0        384      17992   bsp_irq.o
       160          0          8          0          8      22757   bsp_register_protection.o
         0          0         68          0          0       1156   bsp_rom_registers.o
         0          0         32          0          0        928   bsp_security.o
         0          0         12          0          8      17616   common_data.o
        50          0          0          0          0      11267   drv_adc.o
       466          0         44          0        200      12624   drv_adc_cb.o
        30          0          0          0          0       9721   drv_cmp.o
        22          0          0          0          4        827   drv_cmp_cb.o
       106          0          0          0          0       8783   drv_dac.o
        90          0          0          0          0      10099   drv_hall.o
       160          0          0         64          1      17673   drv_hall_cb.o
        16          0          0          0          0      16223   drv_io.o
         2          0          0          0          0      16727   drv_key.o
        64          0          0          0          0      16703   drv_led.o
        58          0          0          0          0      11001   drv_pwm.o
         2          0          0          0          0       1145   drv_pwm_cb.o
        86          0          0          0          4       3507   drv_systick.o
       160         44          0          0          0      11422   drv_uart.o
        58          0          0          0          0       9408   drv_uart_cb.o
       540         16         40          0          0      19654   fastmathfunctions.o
         0          0       2092         16        388      85424   hal_data.o
       262         80          0          0          0      16962   hal_entry.o
       232          0          0          0         16      10571   m_ctrl.o
       860         50          0          0         20       5342   m_current_cal.o
      1130         10          0          0         40       3984   m_foc.o
       320          0          0          0         50       3459   m_observer.o
       346          0          0          0        108       3208   m_pid.o
       496          0         14          0         84      19451   m_rotor_angle.o
       874          6          0          0         24      15693   m_svpwm.o
        90          0          0          0         18       1068   m_tick.o
        10          0          0          0          0        433   main.o
       124          0        256          0          0       2397   math_trigonometric.o
       164         16          0          0          0       1701   math_utils.o
         0          0        340          0          0       8011   pin_data.o
       710          0         20          0          0      47709   r_acmphs.o
      3416         48         52          0          0     102396   r_adc_b.o
       490          0         20          0          0      19069   r_dac.o
      1832          0         52          0          0      81768   r_gpt.o
       250          0         28          0          0      31645   r_gpt_three_phase.o
       714          0         52          0          0      29840   r_ioport.o
      1772          0         36          0          0      72231   r_sci_b_uart.o
        14          0         64          0       1024        993   startup.o
       272          0          0          0          4      11383   system.o
         0          0        768          0          0       9187   vector_data.o

    ----------------------------------------------------------------------
     17106        270       4078         80       2812     875505   Object Totals
         0          0          0          0        324          0   (incl. Generated)
        34          0          2          0          7          0   (incl. Padding)

    ----------------------------------------------------------------------

      Code (inc. data)   RO Data    RW Data    ZI Data      Debug   Library Member Name

        36          0          0          0          0         68   memcpya.o
        36          0          0          0          0        108   memseta.o
       422         20          0          0          0        336   printf1.o
         0          0          0          4          0          0   stdout.o
        14          0          0          0          0         68   strlen.o
        44          0          0          0          0         80   uidiv.o

    ----------------------------------------------------------------------
       552         20          0          4          0        660   Library Totals
         0          0          0          0          0          0   (incl. Padding)

    ----------------------------------------------------------------------

      Code (inc. data)   RO Data    RW Data    ZI Data      Debug   Library Name

       552         20          0          4          0        660   mc_w.l

    ----------------------------------------------------------------------
       552         20          0          4          0        660   Library Totals

    ----------------------------------------------------------------------

==============================================================================


      Code (inc. data)   RO Data    RW Data    ZI Data      Debug   

     17658        290       4078         84       2812     875065   Grand Totals
     17658        290       4078         84       2812     875065   ELF Image Totals
     17658        290       4078         84          0          0   ROM Totals

==============================================================================

    Total RO  Size (Code + RO Data)                21736 (  21.23kB)
    Total RW  Size (RW Data + ZI Data)              2896 (   2.83kB)
    Total ROM Size (Code + RO Data + RW Data)      21820 (  21.31kB)

==============================================================================

